Archive member included to satisfy reference by file (symbol)

/Applications/STM32CubeIDE.app/Contents/Eclipse/plugins/com.st.stm32cube.ide.mcu.externaltools.gnu-tools-for-stm32.11.3.rel1.macos64_1.1.0.202305231506/tools/bin/../lib/gcc/arm-none-eabi/11.3.1/../../../../arm-none-eabi/lib/thumb/v7e-m+fp/hard/libc_nano.a(libc_a-exit.o)
                              /Applications/STM32CubeIDE.app/Contents/Eclipse/plugins/com.st.stm32cube.ide.mcu.externaltools.gnu-tools-for-stm32.11.3.rel1.macos64_1.1.0.202305231506/tools/bin/../lib/gcc/arm-none-eabi/11.3.1/../../../../arm-none-eabi/lib/thumb/v7e-m+fp/hard/crt0.o (exit)
/Applications/STM32CubeIDE.app/Contents/Eclipse/plugins/com.st.stm32cube.ide.mcu.externaltools.gnu-tools-for-stm32.11.3.rel1.macos64_1.1.0.202305231506/tools/bin/../lib/gcc/arm-none-eabi/11.3.1/../../../../arm-none-eabi/lib/thumb/v7e-m+fp/hard/libc_nano.a(libc_a-findfp.o)
                              /Applications/STM32CubeIDE.app/Contents/Eclipse/plugins/com.st.stm32cube.ide.mcu.externaltools.gnu-tools-for-stm32.11.3.rel1.macos64_1.1.0.202305231506/tools/bin/../lib/gcc/arm-none-eabi/11.3.1/../../../../arm-none-eabi/lib/thumb/v7e-m+fp/hard/libc_nano.a(libc_a-exit.o) (__stdio_exit_handler)
/Applications/STM32CubeIDE.app/Contents/Eclipse/plugins/com.st.stm32cube.ide.mcu.externaltools.gnu-tools-for-stm32.11.3.rel1.macos64_1.1.0.202305231506/tools/bin/../lib/gcc/arm-none-eabi/11.3.1/../../../../arm-none-eabi/lib/thumb/v7e-m+fp/hard/libc_nano.a(libc_a-fwalk.o)
                              /Applications/STM32CubeIDE.app/Contents/Eclipse/plugins/com.st.stm32cube.ide.mcu.externaltools.gnu-tools-for-stm32.11.3.rel1.macos64_1.1.0.202305231506/tools/bin/../lib/gcc/arm-none-eabi/11.3.1/../../../../arm-none-eabi/lib/thumb/v7e-m+fp/hard/libc_nano.a(libc_a-findfp.o) (_fwalk_sglue)
/Applications/STM32CubeIDE.app/Contents/Eclipse/plugins/com.st.stm32cube.ide.mcu.externaltools.gnu-tools-for-stm32.11.3.rel1.macos64_1.1.0.202305231506/tools/bin/../lib/gcc/arm-none-eabi/11.3.1/../../../../arm-none-eabi/lib/thumb/v7e-m+fp/hard/libc_nano.a(libc_a-memset.o)
                              /Applications/STM32CubeIDE.app/Contents/Eclipse/plugins/com.st.stm32cube.ide.mcu.externaltools.gnu-tools-for-stm32.11.3.rel1.macos64_1.1.0.202305231506/tools/bin/../lib/gcc/arm-none-eabi/11.3.1/../../../../arm-none-eabi/lib/thumb/v7e-m+fp/hard/crt0.o (memset)
/Applications/STM32CubeIDE.app/Contents/Eclipse/plugins/com.st.stm32cube.ide.mcu.externaltools.gnu-tools-for-stm32.11.3.rel1.macos64_1.1.0.202305231506/tools/bin/../lib/gcc/arm-none-eabi/11.3.1/../../../../arm-none-eabi/lib/thumb/v7e-m+fp/hard/libc_nano.a(libc_a-impure.o)
                              /Applications/STM32CubeIDE.app/Contents/Eclipse/plugins/com.st.stm32cube.ide.mcu.externaltools.gnu-tools-for-stm32.11.3.rel1.macos64_1.1.0.202305231506/tools/bin/../lib/gcc/arm-none-eabi/11.3.1/../../../../arm-none-eabi/lib/thumb/v7e-m+fp/hard/libc_nano.a(libc_a-findfp.o) (_impure_data)
/Applications/STM32CubeIDE.app/Contents/Eclipse/plugins/com.st.stm32cube.ide.mcu.externaltools.gnu-tools-for-stm32.11.3.rel1.macos64_1.1.0.202305231506/tools/bin/../lib/gcc/arm-none-eabi/11.3.1/../../../../arm-none-eabi/lib/thumb/v7e-m+fp/hard/libc_nano.a(libc_a-errno.o)
                              ./Core/Src/syscalls.o (__errno)
/Applications/STM32CubeIDE.app/Contents/Eclipse/plugins/com.st.stm32cube.ide.mcu.externaltools.gnu-tools-for-stm32.11.3.rel1.macos64_1.1.0.202305231506/tools/bin/../lib/gcc/arm-none-eabi/11.3.1/../../../../arm-none-eabi/lib/thumb/v7e-m+fp/hard/libc_nano.a(libc_a-init.o)
                              /Applications/STM32CubeIDE.app/Contents/Eclipse/plugins/com.st.stm32cube.ide.mcu.externaltools.gnu-tools-for-stm32.11.3.rel1.macos64_1.1.0.202305231506/tools/bin/../lib/gcc/arm-none-eabi/11.3.1/../../../../arm-none-eabi/lib/thumb/v7e-m+fp/hard/crt0.o (__libc_init_array)
/Applications/STM32CubeIDE.app/Contents/Eclipse/plugins/com.st.stm32cube.ide.mcu.externaltools.gnu-tools-for-stm32.11.3.rel1.macos64_1.1.0.202305231506/tools/bin/../lib/gcc/arm-none-eabi/11.3.1/../../../../arm-none-eabi/lib/thumb/v7e-m+fp/hard/libc_nano.a(libc_a-lock.o)
                              /Applications/STM32CubeIDE.app/Contents/Eclipse/plugins/com.st.stm32cube.ide.mcu.externaltools.gnu-tools-for-stm32.11.3.rel1.macos64_1.1.0.202305231506/tools/bin/../lib/gcc/arm-none-eabi/11.3.1/../../../../arm-none-eabi/lib/thumb/v7e-m+fp/hard/libc_nano.a(libc_a-findfp.o) (__retarget_lock_init_recursive)
/Applications/STM32CubeIDE.app/Contents/Eclipse/plugins/com.st.stm32cube.ide.mcu.externaltools.gnu-tools-for-stm32.11.3.rel1.macos64_1.1.0.202305231506/tools/bin/../lib/gcc/arm-none-eabi/11.3.1/../../../../arm-none-eabi/lib/thumb/v7e-m+fp/hard/libc_nano.a(libc_a-memcpy-stub.o)
                              ./Middlewares/Third_Party/FreeRTOS/Source/CMSIS_RTOS_V2/cmsis_os2.o (memcpy)
[...]
Memory Configuration

Name             Origin             Length             Attributes
CCMRAM           0x0000000010000000 0x0000000000010000 xrw
RAM              0x0000000020000000 0x0000000000030000 xrw
FLASH            0x0000000008000000 0x0000000000200000 xr
*default*        0x0000000000000000 0xffffffffffffffff

Linker script and memory map

LOAD /Applications/STM32CubeIDE.app/Contents/Eclipse/plugins/com.st.stm32cube.ide.mcu.externaltools.gnu-tools-for-stm32.11.3.rel1.macos64_1.1.0.202305231506/tools/bin/../lib/gcc/arm-none-eabi/11.3.1/thumb/v7e-m+fp/hard/crti.o
LOAD /Applications/STM32CubeIDE.app/Contents/Eclipse/plugins/com.st.stm32cube.ide.mcu.externaltools.gnu-tools-for-stm32.11.3.rel1.macos64_1.1.0.202305231506/tools/bin/../lib/gcc/arm-none-eabi/11.3.1/thumb/v7e-m+fp/hard/crtbegin.o
LOAD /Applications/STM32CubeIDE.app/Contents/Eclipse/plugins/com.st.stm32cube.ide.mcu.externaltools.gnu-tools-for-stm32.11.3.rel1.macos64_1.1.0.202305231506/tools/bin/../lib/gcc/arm-none-eabi/11.3.1/../../../../arm-none-eabi/lib/thumb/v7e-m+fp/hard/crt0.o
LOAD ./Core/Src/ApplicationCode.o
LOAD ./Core/Src/Gyro_Driver.o
LOAD ./Core/Src/LCD_Driver.o
LOAD ./Core/Src/fonts.o
LOAD ./Core/Src/freertos.o
LOAD ./Core/Src/main.o
LOAD ./Core/Src/stm32f4xx_hal_msp.o
LOAD ./Core/Src/stm32f4xx_it.o
LOAD ./Core/Src/syscalls.o
LOAD ./Core/Src/sysmem.o
LOAD ./Core/Src/system_stm32f4xx.o
LOAD ./Core/Startup/startup_stm32f429zitx.o
LOAD ./Drivers/STM32F4xx_HAL_Driver/Src/stm32f4xx_hal.o
LOAD ./Drivers/STM32F4xx_HAL_Driver/Src/stm32f4xx_hal_cortex.o
LOAD ./Drivers/STM32F4xx_HAL_Driver/Src/stm32f4xx_hal_dma.o
LOAD ./Drivers/STM32F4xx_HAL_Driver/Src/stm32f4xx_hal_dma2d.o
LOAD ./Drivers/STM32F4xx_HAL_Driver/Src/stm32f4xx_hal_dma_ex.o
LOAD ./Drivers/STM32F4xx_HAL_Driver/Src/stm32f4xx_hal_dsi.o
LOAD ./Drivers/STM32F4xx_HAL_Driver/Src/stm32f4xx_hal_exti.o
LOAD ./Drivers/STM32F4xx_HAL_Driver/Src/stm32f4xx_hal_flash.o
LOAD ./Drivers/STM32F4xx_HAL_Driver/Src/stm32f4xx_hal_flash_ex.o
LOAD ./Drivers/STM32F4xx_HAL_Driver/Src/stm32f4xx_hal_flash_ramfunc.o
LOAD ./Drivers/STM32F4xx_HAL_Driver/Src/stm32f4xx_hal_gpio.o
LOAD ./Drivers/STM32F4xx_HAL_Driver/Src/stm32f4xx_hal_ltdc.o
LOAD ./Drivers/STM32F4xx_HAL_Driver/Src/stm32f4xx_hal_ltdc_ex.o
LOAD ./Drivers/STM32F4xx_HAL_Driver/Src/stm32f4xx_hal_pwr.o
LOAD ./Drivers/STM32F4xx_HAL_Driver/Src/stm32f4xx_hal_pwr_ex.o
LOAD ./Drivers/STM32F4xx_HAL_Driver/Src/stm32f4xx_hal_rcc.o
LOAD ./Drivers/STM32F4xx_HAL_Driver/Src/stm32f4xx_hal_rcc_ex.o
LOAD ./Drivers/STM32F4xx_HAL_Driver/Src/stm32f4xx_hal_rng.o
LOAD ./Drivers/STM32F4xx_HAL_Driver/Src/stm32f4xx_hal_sdram.o
LOAD ./Drivers/STM32F4xx_HAL_Driver/Src/stm32f4xx_hal_spi.o
LOAD ./Drivers/STM32F4xx_HAL_Driver/Src/stm32f4xx_ll_fmc.o
LOAD ./Middlewares/Third_Party/FreeRTOS/Source/CMSIS_RTOS_V2/cmsis_os2.o
LOAD ./Middlewares/Third_Party/FreeRTOS/Source/croutine.o
LOAD ./Middlewares/Third_Party/FreeRTOS/Source/event_groups.o
LOAD ./Middlewares/Third_Party/FreeRTOS/Source/list.o
LOAD ./Middlewares/Third_Party/FreeRTOS/Source/queue.o
LOAD ./Middlewares/Third_Party/FreeRTOS/Source/stream_buffer.o
LOAD ./Middlewares/Third_Party/FreeRTOS/Source/tasks.o
LOAD ./Middlewares/Third_Party/FreeRTOS/Source/timers.o
LOAD ./Middlewares/Third_Party/FreeRTOS/Source/portable/GCC/ARM_CM4F/port.o
LOAD ./Middlewares/Third_Party/FreeRTOS/Source/portable/MemMang/heap_4.o
START GROUP
LOAD /Applications/STM32CubeIDE.app/Contents/Eclipse/plugins/com.st.stm32cube.ide.mcu.externaltools.gnu-tools-for-stm32.11.3.rel1.macos64_1.1.0.202305231506/tools/bin/../lib/gcc/arm-none-eabi/11.3.1/../../../../arm-none-eabi/lib/thumb/v7e-m+fp/hard/libc_nano.a
LOAD /Applications/STM32CubeIDE.app/Contents/Eclipse/plugins/com.st.stm32cube.ide.mcu.externaltools.gnu-tools-for-stm32.11.3.rel1.macos64_1.1.0.202305231506/tools/bin/../lib/gcc/arm-none-eabi/11.3.1/../../../../arm-none-eabi/lib/thumb/v7e-m+fp/hard/libm.a
END GROUP
START GROUP
LOAD /Applications/STM32CubeIDE.app/Contents/Eclipse/plugins/com.st.stm32cube.ide.mcu.externaltools.gnu-tools-for-stm32.11.3.rel1.macos64_1.1.0.202305231506/tools/bin/../lib/gcc/arm-none-eabi/11.3.1/thumb/v7e-m+fp/hard/libgcc.a
LOAD /Applications/STM32CubeIDE.app/Contents/Eclipse/plugins/com.st.stm32cube.ide.mcu.externaltools.gnu-tools-for-stm32.11.3.rel1.macos64_1.1.0.202305231506/tools/bin/../lib/gcc/arm-none-eabi/11.3.1/../../../../arm-none-eabi/lib/thumb/v7e-m+fp/hard/libc_nano.a
END GROUP
START GROUP
LOAD /Applications/STM32CubeIDE.app/Contents/Eclipse/plugins/com.st.stm32cube.ide.mcu.externaltools.gnu-tools-for-stm32.11.3.rel1.macos64_1.1.0.202305231506/tools/bin/../lib/gcc/arm-none-eabi/11.3.1/thumb/v7e-m+fp/hard/libgcc.a
LOAD /Applications/STM32CubeIDE.app/Contents/Eclipse/plugins/com.st.stm32cube.ide.mcu.externaltools.gnu-tools-for-stm32.11.3.rel1.macos64_1.1.0.202305231506/tools/bin/../lib/gcc/arm-none-eabi/11.3.1/../../../../arm-none-eabi/lib/thumb/v7e-m+fp/hard/libc_nano.a
LOAD /Applications/STM32CubeIDE.app/Contents/Eclipse/plugins/com.st.stm32cube.ide.mcu.externaltools.gnu-tools-for-stm32.11.3.rel1.macos64_1.1.0.202305231506/tools/bin/../lib/gcc/arm-none-eabi/11.3.1/../../../../arm-none-eabi/lib/thumb/v7e-m+fp/hard/libnosys.a
END GROUP
START GROUP
LOAD /Applications/STM32CubeIDE.app/Contents/Eclipse/plugins/com.st.stm32cube.ide.mcu.externaltools.gnu-tools-for-stm32.11.3.rel1.macos64_1.1.0.202305231506/tools/bin/../lib/gcc/arm-none-eabi/11.3.1/thumb/v7e-m+fp/hard/libgcc.a
LOAD /Applications/STM32CubeIDE.app/Contents/Eclipse/plugins/com.st.stm32cube.ide.mcu.externaltools.gnu-tools-for-stm32.11.3.rel1.macos64_1.1.0.202305231506/tools/bin/../lib/gcc/arm-none-eabi/11.3.1/../../../../arm-none-eabi/lib/thumb/v7e-m+fp/hard/libc_nano.a
LOAD /Applications/STM32CubeIDE.app/Contents/Eclipse/plugins/com.st.stm32cube.ide.mcu.externaltools.gnu-tools-for-stm32.11.3.rel1.macos64_1.1.0.202305231506/tools/bin/../lib/gcc/arm-none-eabi/11.3.1/../../../../arm-none-eabi/lib/thumb/v7e-m+fp/hard/libnosys.a
END GROUP
LOAD /Applications/STM32CubeIDE.app/Contents/Eclipse/plugins/com.st.stm32cube.ide.mcu.externaltools.gnu-tools-for-stm32.11.3.rel1.macos64_1.1.0.202305231506/tools/bin/../lib/gcc/arm-none-eabi/11.3.1/thumb/v7e-m+fp/hard/crtend.o
LOAD /Applications/STM32CubeIDE.app/Contents/Eclipse/plugins/com.st.stm32cube.ide.mcu.externaltools.gnu-tools-for-stm32.11.3.rel1.macos64_1.1.0.202305231506/tools/bin/../lib/gcc/arm-none-eabi/11.3.1/thumb/v7e-m+fp/hard/crtn.o
                0x0000000020030000                _estack = (ORIGIN (RAM) + LENGTH (RAM))
                0x0000000000000200                _Min_Heap_Size = 0x200
                0x0000000000000400                _Min_Stack_Size = 0x400

.isr_vector     0x0000000008000000      0x1ac
                0x0000000008000000                . = ALIGN (0x4)
 *(.isr_vector)
 .isr_vector    0x0000000008000000      0x1ac ./Core/Startup/startup_stm32f429zitx.o
                0x0000000008000000                g_pfnVectors
                0x00000000080001ac                . = ALIGN (0x4)

.text           0x00000000080001b0     0x8a00
                0x00000000080001b0                . = ALIGN (0x4)
 *(.text)
 .text          0x00000000080001b0       0x40 /Applications/STM32CubeIDE.app/Contents/Eclipse/plugins/com.st.stm32cube.ide.mcu.externaltools.gnu-tools-for-stm32.11.3.rel1.macos64_1.1.0.202305231506/tools/bin/../lib/gcc/arm-none-eabi/11.3.1/thumb/v7e-m+fp/hard/crtbegin.o
 .text          0x00000000080001f0      0x378 /Applications/STM32CubeIDE.app/Contents/Eclipse/plugins/com.st.stm32cube.ide.mcu.externaltools.gnu-tools-for-stm32.11.3.rel1.macos64_1.1.0.202305231506/tools/bin/../lib/gcc/arm-none-eabi/11.3.1/thumb/v7e-m+fp/hard/libgcc.a(_arm_addsubdf3.o)
                0x00000000080001f0                __aeabi_drsub
                0x00000000080001f8                __subdf3
                0x00000000080001f8                __aeabi_dsub
                0x00000000080001fc                __aeabi_dadd
                0x00000000080001fc                __adddf3
                0x0000000008000474                __aeabi_ui2d
                0x0000000008000474                __floatunsidf
                0x0000000008000494                __floatsidf
                0x0000000008000494                __aeabi_i2d
                0x00000000080004b8                __extendsfdf2
                0x00000000080004b8                __aeabi_f2d
                0x00000000080004fc                __aeabi_ul2d
                0x00000000080004fc                __floatundidf
                0x000000000800050c                __aeabi_l2d
                0x000000000800050c                __floatdidf
 .text          0x0000000008000568      0x424 /Applications/STM32CubeIDE.app/Contents/Eclipse/plugins/com.st.stm32cube.ide.mcu.externaltools.gnu-tools-for-stm32.11.3.rel1.macos64_1.1.0.202305231506/tools/bin/../lib/gcc/arm-none-eabi/11.3.1/thumb/v7e-m+fp/hard/libgcc.a(_arm_muldivdf3.o)
                0x0000000008000568                __aeabi_dmul
                0x0000000008000568                __muldf3
                0x00000000080007bc                __aeabi_ddiv
                0x00000000080007bc                __divdf3
 .text          0x000000000800098c      0x110 /Applications/STM32CubeIDE.app/Contents/Eclipse/plugins/com.st.stm32cube.ide.mcu.externaltools.gnu-tools-for-stm32.11.3.rel1.macos64_1.1.0.202305231506/tools/bin/../lib/gcc/arm-none-eabi/11.3.1/thumb/v7e-m+fp/hard/libgcc.a(_arm_cmpdf2.o)
                0x000000000800098c                __gedf2
                0x000000000800098c                __gtdf2
                0x0000000008000994                __ledf2
                0x0000000008000994                __ltdf2
                0x000000000800099c                __cmpdf2
                0x000000000800099c                __eqdf2
                0x000000000800099c                __nedf2
                0x0000000008000a18                __aeabi_cdrcmple
                0x0000000008000a28                __aeabi_cdcmple
                0x0000000008000a28                __aeabi_cdcmpeq
                0x0000000008000a38                __aeabi_dcmpeq
                0x0000000008000a4c                __aeabi_dcmplt
                0x0000000008000a60                __aeabi_dcmple
                0x0000000008000a74                __aeabi_dcmpge
                0x0000000008000a88                __aeabi_dcmpgt
 .text          0x0000000008000a9c       0x2c /Applications/STM32CubeIDE.app/Contents/Eclipse/plugins/com.st.stm32cube.ide.mcu.externaltools.gnu-tools-for-stm32.11.3.rel1.macos64_1.1.0.202305231506/tools/bin/../lib/gcc/arm-none-eabi/11.3.1/thumb/v7e-m+fp/hard/libgcc.a(_arm_unorddf2.o)
                0x0000000008000a9c                __aeabi_dcmpun
                0x0000000008000a9c                __unorddf2
 .text          0x0000000008000ac8       0x50 /Applications/STM32CubeIDE.app/Contents/Eclipse/plugins/com.st.stm32cube.ide.mcu.externaltools.gnu-tools-for-stm32.11.3.rel1.macos64_1.1.0.202305231506/tools/bin/../lib/gcc/arm-none-eabi/11.3.1/thumb/v7e-m+fp/hard/libgcc.a(_arm_fixdfsi.o)
                0x0000000008000ac8                __fixdfsi
                0x0000000008000ac8                __aeabi_d2iz
 .text          0x0000000008000b18       0xa0 /Applications/STM32CubeIDE.app/Contents/Eclipse/plugins/com.st.stm32cube.ide.mcu.externaltools.gnu-tools-for-stm32.11.3.rel1.macos64_1.1.0.202305231506/tools/bin/../lib/gcc/arm-none-eabi/11.3.1/thumb/v7e-m+fp/hard/libgcc.a(_arm_truncdfsf2.o)
                0x0000000008000b18                __aeabi_d2f
                0x0000000008000b18                __truncdfsf2
 *(.text*)
 .text.ApplicationInit
                0x0000000008000bb8      0x12c ./Core/Src/ApplicationCode.o
                0x0000000008000bb8                ApplicationInit
 .text.HAL_GPIO_EXTI_Callback
                0x0000000008000ce4       0x3c ./Core/Src/ApplicationCode.o
                0x0000000008000ce4                HAL_GPIO_EXTI_Callback
 .text.button_state
                0x0000000008000d20       0x20 ./Core/Src/ApplicationCode.o
                0x0000000008000d20                button_state
 .text.timers_callback
                0x0000000008000d40       0x14 ./Core/Src/ApplicationCode.o
                0x0000000008000d40                timers_callback
 .text.physicsTask
                0x0000000008000d54      0x128 ./Core/Src/ApplicationCode.o
                0x0000000008000d54                physicsTask
 .text.distance
                0x0000000008000e7c       0x58 ./Core/Src/ApplicationCode.o
                0x0000000008000e7c                distance
 .text.LCD_Display_Task
                0x0000000008000ed4       0x28 ./Core/Src/ApplicationCode.o
                0x0000000008000ed4                LCD_Display_Task
 .text.draw_maze
                0x0000000008000efc       0xc4 ./Core/Src/ApplicationCode.o
                0x0000000008000efc                draw_maze
 .text.LED_output_task
                0x0000000008000fc0       0x3c ./Core/Src/ApplicationCode.o
                0x0000000008000fc0                LED_output_task
 .text.startScreen
                0x0000000008000ffc      0x130 ./Core/Src/ApplicationCode.o
                0x0000000008000ffc                startScreen
 .text.gameOver
                0x000000000800112c       0x7c ./Core/Src/ApplicationCode.o
                0x000000000800112c                gameOver
 .text.passGame
                0x00000000080011a8       0x60 ./Core/Src/ApplicationCode.o
                0x00000000080011a8                passGame
 .text.Gyro_Init
                0x0000000008001208       0x1a ./Core/Src/Gyro_Driver.o
                0x0000000008001208                Gyro_Init
 *fill*         0x0000000008001222        0x2 
 .text.Gyro_Power_On
                0x0000000008001224       0x88 ./Core/Src/Gyro_Driver.o
                0x0000000008001224                Gyro_Power_On
 .text.Gyro_Reboot
                0x00000000080012ac       0x78 ./Core/Src/Gyro_Driver.o
                0x00000000080012ac                Gyro_Reboot
 .text.Gyro_Get_Velocity_raw
                0x0000000008001324       0x64 ./Core/Src/Gyro_Driver.o
                0x0000000008001324                Gyro_Get_Velocity_raw
 .text.Gyro_Get_x_raw
                0x0000000008001388       0x64 ./Core/Src/Gyro_Driver.o
                0x0000000008001388                Gyro_Get_x_raw
 *fill*         0x00000000080013ec        0x4 
 .text.Gyro_Get_x
                0x00000000080013f0       0xa4 ./Core/Src/Gyro_Driver.o
                0x00000000080013f0                Gyro_Get_x
 *fill*         0x0000000008001494        0x4 
 .text.Gyro_Get_Velocity
                0x0000000008001498       0xa4 ./Core/Src/Gyro_Driver.o
                0x0000000008001498                Gyro_Get_Velocity
 .text.Gyro_Config_Regs
                0x000000000800153c       0xd4 ./Core/Src/Gyro_Driver.o
                0x000000000800153c                Gyro_Config_Regs
 .text.Gyro_HAL_Check
                0x0000000008001610       0x1c ./Core/Src/Gyro_Driver.o
                0x0000000008001610                Gyro_HAL_Check
 .text.Gyro_Slave_Enable
                0x000000000800162c       0x18 ./Core/Src/Gyro_Driver.o
                0x000000000800162c                Gyro_Slave_Enable
 .text.Gyro_Slave_Disable
                0x0000000008001644       0x18 ./Core/Src/Gyro_Driver.o
                0x0000000008001644                Gyro_Slave_Disable
 .text.Gyro_Receive_Data
                0x000000000800165c       0x34 ./Core/Src/Gyro_Driver.o
                0x000000000800165c                Gyro_Receive_Data
 .text.Gyro_Transmit_Data
                0x0000000008001690       0x34 ./Core/Src/Gyro_Driver.o
                0x0000000008001690                Gyro_Transmit_Data
 .text.LCD_GPIO_Init
                0x00000000080016c4      0x190 ./Core/Src/LCD_Driver.o
                0x00000000080016c4                LCD_GPIO_Init
 .text.LTCD__Init
                0x0000000008001854       0xbc ./Core/Src/LCD_Driver.o
                0x0000000008001854                LTCD__Init
 .text.LTCD_Layer_Init
                0x0000000008001910       0x80 ./Core/Src/LCD_Driver.o
                0x0000000008001910                LTCD_Layer_Init
 .text.LCD_Draw_Pixel
                0x0000000008001990       0x3c ./Core/Src/LCD_Driver.o
                0x0000000008001990                LCD_Draw_Pixel
 .text.LCD_DrawChar
                0x00000000080019cc       0xdc ./Core/Src/LCD_Driver.o
                0x00000000080019cc                LCD_DrawChar
 .text.LCD_DisplayChar
                0x0000000008001aa8       0x44 ./Core/Src/LCD_Driver.o
                0x0000000008001aa8                LCD_DisplayChar
 .text.LCD_SetTextColor
                0x0000000008001aec       0x20 ./Core/Src/LCD_Driver.o
                0x0000000008001aec                LCD_SetTextColor
 .text.LCD_SetFont
                0x0000000008001b0c       0x20 ./Core/Src/LCD_Driver.o
                0x0000000008001b0c                LCD_SetFont
 .text.LCD_Draw_Circle_Fill
                0x0000000008001b2c       0xa6 ./Core/Src/LCD_Driver.o
                0x0000000008001b2c                LCD_Draw_Circle_Fill
 *fill*         0x0000000008001bd2        0x2 
 .text.LCD_Clear
                0x0000000008001bd4       0x44 ./Core/Src/LCD_Driver.o
                0x0000000008001bd4                LCD_Clear
 .text.LCD_Error_Handler
                0x0000000008001c18        0x6 ./Core/Src/LCD_Driver.o
                0x0000000008001c18                LCD_Error_Handler
 .text.ili9341_Init
                0x0000000008001c1e      0x294 ./Core/Src/LCD_Driver.o
                0x0000000008001c1e                ili9341_Init
 .text.ili9341_Write_Reg
                0x0000000008001eb2       0x1a ./Core/Src/LCD_Driver.o
                0x0000000008001eb2                ili9341_Write_Reg
 .text.ili9341_Send_Data
                0x0000000008001ecc       0x1a ./Core/Src/LCD_Driver.o
                0x0000000008001ecc                ili9341_Send_Data
 *fill*         0x0000000008001ee6        0x2 
 .text.SPI_Init
                0x0000000008001ee8       0x74 ./Core/Src/LCD_Driver.o
 .text.SPI_Write
                0x0000000008001f5c       0x3c ./Core/Src/LCD_Driver.o
 .text.SPI_Error
                0x0000000008001f98       0x18 ./Core/Src/LCD_Driver.o
 .text.SPI_MspInit
                0x0000000008001fb0       0x74 ./Core/Src/LCD_Driver.o
 .text.LCD_IO_Init
                0x0000000008002024       0xf0 ./Core/Src/LCD_Driver.o
                0x0000000008002024                LCD_IO_Init
 .text.LCD_IO_WriteData
                0x0000000008002114       0x44 ./Core/Src/LCD_Driver.o
                0x0000000008002114                LCD_IO_WriteData
 .text.LCD_IO_WriteReg
                0x0000000008002158       0x44 ./Core/Src/LCD_Driver.o
                0x0000000008002158                LCD_IO_WriteReg
 .text.LCD_Delay
                0x000000000800219c       0x16 ./Core/Src/LCD_Driver.o
                0x000000000800219c                LCD_Delay
 *fill*         0x00000000080021b2        0x2 
 .text.main     0x00000000080021b4       0x4c ./Core/Src/main.o
                0x00000000080021b4                main
 .text.MX_DMA2D_Init
                0x0000000008002200       0x64 ./Core/Src/main.o
 .text.MX_LTDC_Init
                0x0000000008002264      0x164 ./Core/Src/main.o
 .text.MX_RNG_Init
                0x00000000080023c8       0x28 ./Core/Src/main.o
 .text.MX_SPI5_Init
                0x00000000080023f0       0x6c ./Core/Src/main.o
 .text.MX_FMC_Init
                0x000000000800245c       0x9c ./Core/Src/main.o
 .text.MX_GPIO_Init
                0x00000000080024f8      0x2ec ./Core/Src/main.o
 .text.StartDefaultTask
                0x00000000080027e4       0x10 ./Core/Src/main.o
                0x00000000080027e4                StartDefaultTask
 .text.Error_Handler
                0x00000000080027f4        0xa ./Core/Src/main.o
                0x00000000080027f4                Error_Handler
 *fill*         0x00000000080027fe        0x2 
 .text.HAL_MspInit
                0x0000000008002800       0x58 ./Core/Src/stm32f4xx_hal_msp.o
                0x0000000008002800                HAL_MspInit
 .text.HAL_DMA2D_MspInit
                0x0000000008002858       0x44 ./Core/Src/stm32f4xx_hal_msp.o
                0x0000000008002858                HAL_DMA2D_MspInit
 .text.HAL_LTDC_MspInit
                0x000000000800289c      0x250 ./Core/Src/stm32f4xx_hal_msp.o
                0x000000000800289c                HAL_LTDC_MspInit
 .text.HAL_RNG_MspInit
                0x0000000008002aec       0x44 ./Core/Src/stm32f4xx_hal_msp.o
                0x0000000008002aec                HAL_RNG_MspInit
 .text.HAL_SPI_MspInit
                0x0000000008002b30       0x90 ./Core/Src/stm32f4xx_hal_msp.o
                0x0000000008002b30                HAL_SPI_MspInit
 .text.HAL_SPI_MspDeInit
                0x0000000008002bc0       0x3c ./Core/Src/stm32f4xx_hal_msp.o
                0x0000000008002bc0                HAL_SPI_MspDeInit
 .text.HAL_FMC_MspInit
                0x0000000008002bfc      0x124 ./Core/Src/stm32f4xx_hal_msp.o
 .text.HAL_SDRAM_MspInit
                0x0000000008002d20       0x14 ./Core/Src/stm32f4xx_hal_msp.o
                0x0000000008002d20                HAL_SDRAM_MspInit
 .text.NMI_Handler
                0x0000000008002d34        0x6 ./Core/Src/stm32f4xx_it.o
                0x0000000008002d34                NMI_Handler
 .text.HardFault_Handler
                0x0000000008002d3a        0x6 ./Core/Src/stm32f4xx_it.o
                0x0000000008002d3a                HardFault_Handler
 .text.MemManage_Handler
                0x0000000008002d40        0x6 ./Core/Src/stm32f4xx_it.o
                0x0000000008002d40                MemManage_Handler
 .text.BusFault_Handler
                0x0000000008002d46        0x6 ./Core/Src/stm32f4xx_it.o
                0x0000000008002d46                BusFault_Handler
 .text.UsageFault_Handler
                0x0000000008002d4c        0x6 ./Core/Src/stm32f4xx_it.o
                0x0000000008002d4c                UsageFault_Handler
 .text.DebugMon_Handler
                0x0000000008002d52        0xe ./Core/Src/stm32f4xx_it.o
                0x0000000008002d52                DebugMon_Handler
 .text.SysTick_Handler
                0x0000000008002d60       0x1a ./Core/Src/stm32f4xx_it.o
                0x0000000008002d60                SysTick_Handler
 .text.EXTI0_IRQHandler
                0x0000000008002d7a        0xe ./Core/Src/stm32f4xx_it.o
                0x0000000008002d7a                EXTI0_IRQHandler
 .text.SystemInit
                0x0000000008002d88       0x24 ./Core/Src/system_stm32f4xx.o
                0x0000000008002d88                SystemInit
 .text.Reset_Handler
                0x0000000008002dac       0x50 ./Core/Startup/startup_stm32f429zitx.o
                0x0000000008002dac                Reset_Handler
 .text.Default_Handler
                0x0000000008002dfc        0x2 ./Core/Startup/startup_stm32f429zitx.o
                0x0000000008002dfc                DMA1_Stream3_IRQHandler
                0x0000000008002dfc                HASH_RNG_IRQHandler
                0x0000000008002dfc                EXTI2_IRQHandler
                0x0000000008002dfc                TIM8_CC_IRQHandler
                0x0000000008002dfc                UART8_IRQHandler
                0x0000000008002dfc                SPI4_IRQHandler
                0x0000000008002dfc                TIM1_CC_IRQHandler
                0x0000000008002dfc                DMA2_Stream5_IRQHandler
                0x0000000008002dfc                DMA1_Stream5_IRQHandler
                0x0000000008002dfc                PVD_IRQHandler
                0x0000000008002dfc                SDIO_IRQHandler
                0x0000000008002dfc                TAMP_STAMP_IRQHandler
                0x0000000008002dfc                CAN2_RX1_IRQHandler
                0x0000000008002dfc                EXTI3_IRQHandler
                0x0000000008002dfc                TIM8_TRG_COM_TIM14_IRQHandler
                0x0000000008002dfc                TIM1_UP_TIM10_IRQHandler
                0x0000000008002dfc                TIM8_UP_TIM13_IRQHandler
                0x0000000008002dfc                I2C3_ER_IRQHandler
                0x0000000008002dfc                I2C2_EV_IRQHandler
                0x0000000008002dfc                DMA1_Stream2_IRQHandler
                0x0000000008002dfc                CAN1_RX0_IRQHandler
                0x0000000008002dfc                FPU_IRQHandler
                0x0000000008002dfc                OTG_HS_WKUP_IRQHandler
                0x0000000008002dfc                LTDC_ER_IRQHandler
                0x0000000008002dfc                CAN2_SCE_IRQHandler
                0x0000000008002dfc                DMA2_Stream2_IRQHandler
                0x0000000008002dfc                SPI1_IRQHandler
                0x0000000008002dfc                TIM6_DAC_IRQHandler
                0x0000000008002dfc                TIM1_BRK_TIM9_IRQHandler
                0x0000000008002dfc                DCMI_IRQHandler
                0x0000000008002dfc                CAN2_RX0_IRQHandler
                0x0000000008002dfc                DMA2_Stream3_IRQHandler
                0x0000000008002dfc                USART6_IRQHandler
                0x0000000008002dfc                USART3_IRQHandler
                0x0000000008002dfc                CAN1_RX1_IRQHandler
                0x0000000008002dfc                UART5_IRQHandler
                0x0000000008002dfc                DMA2_Stream0_IRQHandler
                0x0000000008002dfc                TIM4_IRQHandler
                0x0000000008002dfc                I2C1_EV_IRQHandler
                0x0000000008002dfc                DMA1_Stream6_IRQHandler
                0x0000000008002dfc                DMA1_Stream1_IRQHandler
                0x0000000008002dfc                UART4_IRQHandler
                0x0000000008002dfc                TIM3_IRQHandler
                0x0000000008002dfc                RCC_IRQHandler
                0x0000000008002dfc                TIM8_BRK_TIM12_IRQHandler
                0x0000000008002dfc                Default_Handler
                0x0000000008002dfc                EXTI15_10_IRQHandler
                0x0000000008002dfc                ADC_IRQHandler
                0x0000000008002dfc                DMA1_Stream7_IRQHandler
                0x0000000008002dfc                SPI5_IRQHandler
                0x0000000008002dfc                TIM7_IRQHandler
                0x0000000008002dfc                CAN2_TX_IRQHandler
                0x0000000008002dfc                TIM5_IRQHandler
                0x0000000008002dfc                DMA2_Stream7_IRQHandler
                0x0000000008002dfc                I2C3_EV_IRQHandler
                0x0000000008002dfc                EXTI9_5_IRQHandler
                0x0000000008002dfc                RTC_WKUP_IRQHandler
                0x0000000008002dfc                LTDC_IRQHandler
                0x0000000008002dfc                ETH_WKUP_IRQHandler
                0x0000000008002dfc                SPI2_IRQHandler
                0x0000000008002dfc                OTG_HS_EP1_IN_IRQHandler
                0x0000000008002dfc                DMA1_Stream0_IRQHandler
                0x0000000008002dfc                CAN1_TX_IRQHandler
                0x0000000008002dfc                EXTI4_IRQHandler
                0x0000000008002dfc                ETH_IRQHandler
                0x0000000008002dfc                OTG_HS_EP1_OUT_IRQHandler
                0x0000000008002dfc                WWDG_IRQHandler
                0x0000000008002dfc                SPI6_IRQHandler
                0x0000000008002dfc                TIM2_IRQHandler
                0x0000000008002dfc                OTG_FS_WKUP_IRQHandler
                0x0000000008002dfc                TIM1_TRG_COM_TIM11_IRQHandler
                0x0000000008002dfc                OTG_HS_IRQHandler
                0x0000000008002dfc                DMA2D_IRQHandler
                0x0000000008002dfc                EXTI1_IRQHandler
                0x0000000008002dfc                UART7_IRQHandler
                0x0000000008002dfc                USART2_IRQHandler
                0x0000000008002dfc                I2C2_ER_IRQHandler
                0x0000000008002dfc                DMA2_Stream1_IRQHandler
                0x0000000008002dfc                CAN1_SCE_IRQHandler
                0x0000000008002dfc                FLASH_IRQHandler
                0x0000000008002dfc                DMA2_Stream4_IRQHandler
                0x0000000008002dfc                USART1_IRQHandler
                0x0000000008002dfc                OTG_FS_IRQHandler
                0x0000000008002dfc                SPI3_IRQHandler
                0x0000000008002dfc                DMA1_Stream4_IRQHandler
                0x0000000008002dfc                I2C1_ER_IRQHandler
                0x0000000008002dfc                FMC_IRQHandler
                0x0000000008002dfc                DMA2_Stream6_IRQHandler
                0x0000000008002dfc                SAI1_IRQHandler
                0x0000000008002dfc                RTC_Alarm_IRQHandler
 *fill*         0x0000000008002dfe        0x2 
 .text.HAL_Init
                0x0000000008002e00       0x44 ./Drivers/STM32F4xx_HAL_Driver/Src/stm32f4xx_hal.o
                0x0000000008002e00                HAL_Init
 .text.HAL_InitTick
                0x0000000008002e44       0x60 ./Drivers/STM32F4xx_HAL_Driver/Src/stm32f4xx_hal.o
                0x0000000008002e44                HAL_InitTick
 .text.HAL_IncTick
                0x0000000008002ea4       0x28 ./Drivers/STM32F4xx_HAL_Driver/Src/stm32f4xx_hal.o
                0x0000000008002ea4                HAL_IncTick
 .text.HAL_GetTick
                0x0000000008002ecc       0x18 ./Drivers/STM32F4xx_HAL_Driver/Src/stm32f4xx_hal.o
                0x0000000008002ecc                HAL_GetTick
 .text.HAL_Delay
                0x0000000008002ee4       0x48 ./Drivers/STM32F4xx_HAL_Driver/Src/stm32f4xx_hal.o
                0x0000000008002ee4                HAL_Delay
 .text.__NVIC_SetPriorityGrouping
                0x0000000008002f2c       0x48 ./Drivers/STM32F4xx_HAL_Driver/Src/stm32f4xx_hal_cortex.o
 .text.__NVIC_GetPriorityGrouping
                0x0000000008002f74       0x1c ./Drivers/STM32F4xx_HAL_Driver/Src/stm32f4xx_hal_cortex.o
 .text.__NVIC_EnableIRQ
                0x0000000008002f90       0x3c ./Drivers/STM32F4xx_HAL_Driver/Src/stm32f4xx_hal_cortex.o
 .text.__NVIC_SetPriority
                0x0000000008002fcc       0x54 ./Drivers/STM32F4xx_HAL_Driver/Src/stm32f4xx_hal_cortex.o
 .text.NVIC_EncodePriority
                0x0000000008003020       0x66 ./Drivers/STM32F4xx_HAL_Driver/Src/stm32f4xx_hal_cortex.o
 *fill*         0x0000000008003086        0x2 
 .text.SysTick_Config
                0x0000000008003088       0x44 ./Drivers/STM32F4xx_HAL_Driver/Src/stm32f4xx_hal_cortex.o
 .text.HAL_NVIC_SetPriorityGrouping
                0x00000000080030cc       0x16 ./Drivers/STM32F4xx_HAL_Driver/Src/stm32f4xx_hal_cortex.o
                0x00000000080030cc                HAL_NVIC_SetPriorityGrouping
 .text.HAL_NVIC_SetPriority
                0x00000000080030e2       0x38 ./Drivers/STM32F4xx_HAL_Driver/Src/stm32f4xx_hal_cortex.o
                0x00000000080030e2                HAL_NVIC_SetPriority
 .text.HAL_NVIC_EnableIRQ
                0x000000000800311a       0x1c ./Drivers/STM32F4xx_HAL_Driver/Src/stm32f4xx_hal_cortex.o
                0x000000000800311a                HAL_NVIC_EnableIRQ
 .text.HAL_SYSTICK_Config
                0x0000000008003136       0x18 ./Drivers/STM32F4xx_HAL_Driver/Src/stm32f4xx_hal_cortex.o
                0x0000000008003136                HAL_SYSTICK_Config
 .text.HAL_DMA2D_Init
                0x000000000800314e       0x92 ./Drivers/STM32F4xx_HAL_Driver/Src/stm32f4xx_hal_dma2d.o
                0x000000000800314e                HAL_DMA2D_Init
 .text.HAL_DMA2D_ConfigLayer
                0x00000000080031e0      0x124 ./Drivers/STM32F4xx_HAL_Driver/Src/stm32f4xx_hal_dma2d.o
                0x00000000080031e0                HAL_DMA2D_ConfigLayer
 .text.HAL_GPIO_Init
                0x0000000008003304      0x358 ./Drivers/STM32F4xx_HAL_Driver/Src/stm32f4xx_hal_gpio.o
                0x0000000008003304                HAL_GPIO_Init
 .text.HAL_GPIO_DeInit
                0x000000000800365c      0x218 ./Drivers/STM32F4xx_HAL_Driver/Src/stm32f4xx_hal_gpio.o
                0x000000000800365c                HAL_GPIO_DeInit
 .text.HAL_GPIO_ReadPin
                0x0000000008003874       0x30 ./Drivers/STM32F4xx_HAL_Driver/Src/stm32f4xx_hal_gpio.o
                0x0000000008003874                HAL_GPIO_ReadPin
 .text.HAL_GPIO_WritePin
                0x00000000080038a4       0x32 ./Drivers/STM32F4xx_HAL_Driver/Src/stm32f4xx_hal_gpio.o
                0x00000000080038a4                HAL_GPIO_WritePin
 *fill*         0x00000000080038d6        0x2 
 .text.HAL_GPIO_EXTI_IRQHandler
                0x00000000080038d8       0x30 ./Drivers/STM32F4xx_HAL_Driver/Src/stm32f4xx_hal_gpio.o
                0x00000000080038d8                HAL_GPIO_EXTI_IRQHandler
 .text.HAL_LTDC_Init
                0x0000000008003908      0x1a0 ./Drivers/STM32F4xx_HAL_Driver/Src/stm32f4xx_hal_ltdc.o
                0x0000000008003908                HAL_LTDC_Init
 .text.HAL_LTDC_ConfigLayer
                0x0000000008003aa8       0x7c ./Drivers/STM32F4xx_HAL_Driver/Src/stm32f4xx_hal_ltdc.o
                0x0000000008003aa8                HAL_LTDC_ConfigLayer
 .text.LTDC_SetConfig
                0x0000000008003b24      0x32e ./Drivers/STM32F4xx_HAL_Driver/Src/stm32f4xx_hal_ltdc.o
 *fill*         0x0000000008003e52        0x2 
 .text.HAL_RCCEx_PeriphCLKConfig
                0x0000000008003e54      0x380 ./Drivers/STM32F4xx_HAL_Driver/Src/stm32f4xx_hal_rcc_ex.o
                0x0000000008003e54                HAL_RCCEx_PeriphCLKConfig
 .text.HAL_RNG_Init
                0x00000000080041d4       0x54 ./Drivers/STM32F4xx_HAL_Driver/Src/stm32f4xx_hal_rng.o
                0x00000000080041d4                HAL_RNG_Init
 .text.HAL_SDRAM_Init
                0x0000000008004228       0x68 ./Drivers/STM32F4xx_HAL_Driver/Src/stm32f4xx_hal_sdram.o
                0x0000000008004228                HAL_SDRAM_Init
 .text.HAL_SPI_Init
                0x0000000008004290      0x112 ./Drivers/STM32F4xx_HAL_Driver/Src/stm32f4xx_hal_spi.o
                0x0000000008004290                HAL_SPI_Init
 .text.HAL_SPI_DeInit
                0x00000000080043a2       0x50 ./Drivers/STM32F4xx_HAL_Driver/Src/stm32f4xx_hal_spi.o
                0x00000000080043a2                HAL_SPI_DeInit
 .text.HAL_SPI_Transmit
                0x00000000080043f2      0x278 ./Drivers/STM32F4xx_HAL_Driver/Src/stm32f4xx_hal_spi.o
                0x00000000080043f2                HAL_SPI_Transmit
 .text.HAL_SPI_Receive
                0x000000000800466a      0x222 ./Drivers/STM32F4xx_HAL_Driver/Src/stm32f4xx_hal_spi.o
                0x000000000800466a                HAL_SPI_Receive
 .text.HAL_SPI_TransmitReceive
                0x000000000800488c      0x344 ./Drivers/STM32F4xx_HAL_Driver/Src/stm32f4xx_hal_spi.o
                0x000000000800488c                HAL_SPI_TransmitReceive
 .text.HAL_SPI_GetState
                0x0000000008004bd0       0x1c ./Drivers/STM32F4xx_HAL_Driver/Src/stm32f4xx_hal_spi.o
                0x0000000008004bd0                HAL_SPI_GetState
 .text.SPI_WaitFlagStateUntilTimeout
                0x0000000008004bec      0x110 ./Drivers/STM32F4xx_HAL_Driver/Src/stm32f4xx_hal_spi.o
 .text.SPI_EndRxTransaction
                0x0000000008004cfc       0xca ./Drivers/STM32F4xx_HAL_Driver/Src/stm32f4xx_hal_spi.o
 *fill*         0x0000000008004dc6        0x2 
 .text.SPI_EndRxTxTransaction
                0x0000000008004dc8       0x84 ./Drivers/STM32F4xx_HAL_Driver/Src/stm32f4xx_hal_spi.o
 .text.FMC_SDRAM_Init
                0x0000000008004e4c       0xba ./Drivers/STM32F4xx_HAL_Driver/Src/stm32f4xx_ll_fmc.o
                0x0000000008004e4c                FMC_SDRAM_Init
 .text.FMC_SDRAM_Timing_Init
                0x0000000008004f06       0xd2 ./Drivers/STM32F4xx_HAL_Driver/Src/stm32f4xx_ll_fmc.o
                0x0000000008004f06                FMC_SDRAM_Timing_Init
 .text.__NVIC_SetPriority
                0x0000000008004fd8       0x54 ./Middlewares/Third_Party/FreeRTOS/Source/CMSIS_RTOS_V2/cmsis_os2.o
 .text.SVC_Setup
                0x000000000800502c       0x12 ./Middlewares/Third_Party/FreeRTOS/Source/CMSIS_RTOS_V2/cmsis_os2.o
 *fill*         0x000000000800503e        0x2 
 .text.osKernelInitialize
                0x0000000008005040       0x48 ./Middlewares/Third_Party/FreeRTOS/Source/CMSIS_RTOS_V2/cmsis_os2.o
                0x0000000008005040                osKernelInitialize
 .text.osKernelStart
                0x0000000008005088       0x4c ./Middlewares/Third_Party/FreeRTOS/Source/CMSIS_RTOS_V2/cmsis_os2.o
                0x0000000008005088                osKernelStart
 .text.osThreadNew
                0x00000000080050d4      0x124 ./Middlewares/Third_Party/FreeRTOS/Source/CMSIS_RTOS_V2/cmsis_os2.o
                0x00000000080050d4                osThreadNew
 .text.osDelay  0x00000000080051f8       0x36 ./Middlewares/Third_Party/FreeRTOS/Source/CMSIS_RTOS_V2/cmsis_os2.o
                0x00000000080051f8                osDelay
 .text.TimerCallback
                0x000000000800522e       0x2a ./Middlewares/Third_Party/FreeRTOS/Source/CMSIS_RTOS_V2/cmsis_os2.o
 .text.osTimerNew
                0x0000000008005258       0xf8 ./Middlewares/Third_Party/FreeRTOS/Source/CMSIS_RTOS_V2/cmsis_os2.o
                0x0000000008005258                osTimerNew
 .text.osTimerStart
                0x0000000008005350       0x5c ./Middlewares/Third_Party/FreeRTOS/Source/CMSIS_RTOS_V2/cmsis_os2.o
                0x0000000008005350                osTimerStart
 .text.osEventFlagsNew
                0x00000000080053ac       0x7e ./Middlewares/Third_Party/FreeRTOS/Source/CMSIS_RTOS_V2/cmsis_os2.o
                0x00000000080053ac                osEventFlagsNew
 *fill*         0x000000000800542a        0x2 
 .text.osEventFlagsSet
                0x000000000800542c       0x88 ./Middlewares/Third_Party/FreeRTOS/Source/CMSIS_RTOS_V2/cmsis_os2.o
                0x000000000800542c                osEventFlagsSet
 .text.osEventFlagsGet
                0x00000000080054b4       0x42 ./Middlewares/Third_Party/FreeRTOS/Source/CMSIS_RTOS_V2/cmsis_os2.o
                0x00000000080054b4                osEventFlagsGet
 .text.osMutexNew
                0x00000000080054f6      0x10c ./Middlewares/Third_Party/FreeRTOS/Source/CMSIS_RTOS_V2/cmsis_os2.o
                0x00000000080054f6                osMutexNew
 .text.osSemaphoreNew
                0x0000000008005602      0x112 ./Middlewares/Third_Party/FreeRTOS/Source/CMSIS_RTOS_V2/cmsis_os2.o
                0x0000000008005602                osSemaphoreNew
 .text.osSemaphoreRelease
                0x0000000008005714       0x88 ./Middlewares/Third_Party/FreeRTOS/Source/CMSIS_RTOS_V2/cmsis_os2.o
                0x0000000008005714                osSemaphoreRelease
 .text.vApplicationGetIdleTaskMemory
                0x000000000800579c       0x34 ./Middlewares/Third_Party/FreeRTOS/Source/CMSIS_RTOS_V2/cmsis_os2.o
                0x000000000800579c                vApplicationGetIdleTaskMemory
 .text.vApplicationGetTimerTaskMemory
                0x00000000080057d0       0x34 ./Middlewares/Third_Party/FreeRTOS/Source/CMSIS_RTOS_V2/cmsis_os2.o
                0x00000000080057d0                vApplicationGetTimerTaskMemory
 .text.xEventGroupCreateStatic
                0x0000000008005804       0x6e ./Middlewares/Third_Party/FreeRTOS/Source/event_groups.o
                0x0000000008005804                xEventGroupCreateStatic
 .text.xEventGroupCreate
                0x0000000008005872       0x34 ./Middlewares/Third_Party/FreeRTOS/Source/event_groups.o
                0x0000000008005872                xEventGroupCreate
 .text.xEventGroupClearBits
                0x00000000080058a6       0x70 ./Middlewares/Third_Party/FreeRTOS/Source/event_groups.o
                0x00000000080058a6                xEventGroupClearBits
 .text.xEventGroupGetBitsFromISR
                0x0000000008005916       0x48 ./Middlewares/Third_Party/FreeRTOS/Source/event_groups.o
                0x0000000008005916                xEventGroupGetBitsFromISR
 .text.xEventGroupSetBits
                0x000000000800595e      0x116 ./Middlewares/Third_Party/FreeRTOS/Source/event_groups.o
                0x000000000800595e                xEventGroupSetBits
 .text.vEventGroupSetBitsCallback
                0x0000000008005a74       0x1a ./Middlewares/Third_Party/FreeRTOS/Source/event_groups.o
                0x0000000008005a74                vEventGroupSetBitsCallback
 *fill*         0x0000000008005a8e        0x2 
 .text.xEventGroupSetBitsFromISR
                0x0000000008005a90       0x28 ./Middlewares/Third_Party/FreeRTOS/Source/event_groups.o
                0x0000000008005a90                xEventGroupSetBitsFromISR
 .text.vListInitialise
                0x0000000008005ab8       0x40 ./Middlewares/Third_Party/FreeRTOS/Source/list.o
                0x0000000008005ab8                vListInitialise
 .text.vListInitialiseItem
                0x0000000008005af8       0x1a ./Middlewares/Third_Party/FreeRTOS/Source/list.o
                0x0000000008005af8                vListInitialiseItem
 .text.vListInsertEnd
                0x0000000008005b12       0x48 ./Middlewares/Third_Party/FreeRTOS/Source/list.o
                0x0000000008005b12                vListInsertEnd
 .text.vListInsert
                0x0000000008005b5a       0x72 ./Middlewares/Third_Party/FreeRTOS/Source/list.o
                0x0000000008005b5a                vListInsert
 .text.uxListRemove
                0x0000000008005bcc       0x54 ./Middlewares/Third_Party/FreeRTOS/Source/list.o
                0x0000000008005bcc                uxListRemove
 .text.xQueueGenericReset
                0x0000000008005c20       0xd0 ./Middlewares/Third_Party/FreeRTOS/Source/queue.o
                0x0000000008005c20                xQueueGenericReset
 .text.xQueueGenericCreateStatic
                0x0000000008005cf0       0xf0 ./Middlewares/Third_Party/FreeRTOS/Source/queue.o
                0x0000000008005cf0                xQueueGenericCreateStatic
 .text.xQueueGenericCreate
                0x0000000008005de0       0x74 ./Middlewares/Third_Party/FreeRTOS/Source/queue.o
                0x0000000008005de0                xQueueGenericCreate
 .text.prvInitialiseNewQueue
                0x0000000008005e54       0x46 ./Middlewares/Third_Party/FreeRTOS/Source/queue.o
 .text.prvInitialiseMutex
                0x0000000008005e9a       0x34 ./Middlewares/Third_Party/FreeRTOS/Source/queue.o
 .text.xQueueCreateMutex
                0x0000000008005ece       0x30 ./Middlewares/Third_Party/FreeRTOS/Source/queue.o
                0x0000000008005ece                xQueueCreateMutex
 .text.xQueueCreateMutexStatic
                0x0000000008005efe       0x36 ./Middlewares/Third_Party/FreeRTOS/Source/queue.o
                0x0000000008005efe                xQueueCreateMutexStatic
 .text.xQueueCreateCountingSemaphoreStatic
                0x0000000008005f34       0x6e ./Middlewares/Third_Party/FreeRTOS/Source/queue.o
                0x0000000008005f34                xQueueCreateCountingSemaphoreStatic
 .text.xQueueCreateCountingSemaphore
                0x0000000008005fa2       0x66 ./Middlewares/Third_Party/FreeRTOS/Source/queue.o
                0x0000000008005fa2                xQueueCreateCountingSemaphore
 .text.xQueueGenericSend
                0x0000000008006008      0x1fc ./Middlewares/Third_Party/FreeRTOS/Source/queue.o
                0x0000000008006008                xQueueGenericSend
 .text.xQueueGenericSendFromISR
                0x0000000008006204      0x136 ./Middlewares/Third_Party/FreeRTOS/Source/queue.o
                0x0000000008006204                xQueueGenericSendFromISR
 .text.xQueueGiveFromISR
                0x000000000800633a      0x11a ./Middlewares/Third_Party/FreeRTOS/Source/queue.o
                0x000000000800633a                xQueueGiveFromISR
 .text.xQueueReceive
                0x0000000008006454      0x1c0 ./Middlewares/Third_Party/FreeRTOS/Source/queue.o
                0x0000000008006454                xQueueReceive
 .text.vQueueDelete
                0x0000000008006614       0x46 ./Middlewares/Third_Party/FreeRTOS/Source/queue.o
                0x0000000008006614                vQueueDelete
 .text.prvCopyDataToQueue
                0x000000000800665a       0xd4 ./Middlewares/Third_Party/FreeRTOS/Source/queue.o
 .text.prvCopyDataFromQueue
                0x000000000800672e       0x4c ./Middlewares/Third_Party/FreeRTOS/Source/queue.o
 .text.prvUnlockQueue
                0x000000000800677a       0xa4 ./Middlewares/Third_Party/FreeRTOS/Source/queue.o
 .text.prvIsQueueEmpty
                0x000000000800681e       0x2c ./Middlewares/Third_Party/FreeRTOS/Source/queue.o
 .text.prvIsQueueFull
                0x000000000800684a       0x30 ./Middlewares/Third_Party/FreeRTOS/Source/queue.o
 *fill*         0x000000000800687a        0x2 
 .text.vQueueAddToRegistry
                0x000000000800687c       0x54 ./Middlewares/Third_Party/FreeRTOS/Source/queue.o
                0x000000000800687c                vQueueAddToRegistry
 .text.vQueueUnregisterQueue
                0x00000000080068d0       0x54 ./Middlewares/Third_Party/FreeRTOS/Source/queue.o
                0x00000000080068d0                vQueueUnregisterQueue
 .text.vQueueWaitForMessageRestricted
                0x0000000008006924       0x68 ./Middlewares/Third_Party/FreeRTOS/Source/queue.o
                0x0000000008006924                vQueueWaitForMessageRestricted
 .text.xTaskCreateStatic
                0x000000000800698c       0xba ./Middlewares/Third_Party/FreeRTOS/Source/tasks.o
                0x000000000800698c                xTaskCreateStatic
 .text.xTaskCreate
                0x0000000008006a46       0x8a ./Middlewares/Third_Party/FreeRTOS/Source/tasks.o
                0x0000000008006a46                xTaskCreate
 .text.prvInitialiseNewTask
                0x0000000008006ad0      0x11e ./Middlewares/Third_Party/FreeRTOS/Source/tasks.o
 *fill*         0x0000000008006bee        0x2 
 .text.prvAddNewTaskToReadyList
                0x0000000008006bf0       0xe0 ./Middlewares/Third_Party/FreeRTOS/Source/tasks.o
 .text.vTaskDelay
                0x0000000008006cd0       0x68 ./Middlewares/Third_Party/FreeRTOS/Source/tasks.o
                0x0000000008006cd0                vTaskDelay
 .text.vTaskStartScheduler
                0x0000000008006d38       0xcc ./Middlewares/Third_Party/FreeRTOS/Source/tasks.o
                0x0000000008006d38                vTaskStartScheduler
 .text.vTaskSuspendAll
                0x0000000008006e04       0x1c ./Middlewares/Third_Party/FreeRTOS/Source/tasks.o
                0x0000000008006e04                vTaskSuspendAll
 .text.xTaskResumeAll
                0x0000000008006e20      0x13c ./Middlewares/Third_Party/FreeRTOS/Source/tasks.o
                0x0000000008006e20                xTaskResumeAll
 .text.xTaskGetTickCount
                0x0000000008006f5c       0x20 ./Middlewares/Third_Party/FreeRTOS/Source/tasks.o
                0x0000000008006f5c                xTaskGetTickCount
 .text.xTaskIncrementTick
                0x0000000008006f7c      0x174 ./Middlewares/Third_Party/FreeRTOS/Source/tasks.o
                0x0000000008006f7c                xTaskIncrementTick
 .text.vTaskSwitchContext
                0x00000000080070f0       0xbc ./Middlewares/Third_Party/FreeRTOS/Source/tasks.o
                0x00000000080070f0                vTaskSwitchContext
 .text.vTaskPlaceOnEventList
                0x00000000080071ac       0x48 ./Middlewares/Third_Party/FreeRTOS/Source/tasks.o
                0x00000000080071ac                vTaskPlaceOnEventList
 .text.vTaskPlaceOnEventListRestricted
                0x00000000080071f4       0x58 ./Middlewares/Third_Party/FreeRTOS/Source/tasks.o
                0x00000000080071f4                vTaskPlaceOnEventListRestricted
 .text.xTaskRemoveFromEventList
                0x000000000800724c       0xc8 ./Middlewares/Third_Party/FreeRTOS/Source/tasks.o
                0x000000000800724c                xTaskRemoveFromEventList
 .text.vTaskRemoveFromUnorderedEventList
                0x0000000008007314       0xc4 ./Middlewares/Third_Party/FreeRTOS/Source/tasks.o
                0x0000000008007314                vTaskRemoveFromUnorderedEventList
 .text.vTaskInternalSetTimeOutState
                0x00000000080073d8       0x2c ./Middlewares/Third_Party/FreeRTOS/Source/tasks.o
                0x00000000080073d8                vTaskInternalSetTimeOutState
 .text.xTaskCheckForTimeOut
                0x0000000008007404       0xc4 ./Middlewares/Third_Party/FreeRTOS/Source/tasks.o
                0x0000000008007404                xTaskCheckForTimeOut
 .text.vTaskMissedYield
                0x00000000080074c8       0x18 ./Middlewares/Third_Party/FreeRTOS/Source/tasks.o
                0x00000000080074c8                vTaskMissedYield
 .text.prvIdleTask
                0x00000000080074e0       0x30 ./Middlewares/Third_Party/FreeRTOS/Source/tasks.o
 .text.prvInitialiseTaskLists
                0x0000000008007510       0x80 ./Middlewares/Third_Party/FreeRTOS/Source/tasks.o
 .text.prvCheckTasksWaitingTermination
                0x0000000008007590       0x5c ./Middlewares/Third_Party/FreeRTOS/Source/tasks.o
 .text.prvDeleteTCB
                0x00000000080075ec       0x5e ./Middlewares/Third_Party/FreeRTOS/Source/tasks.o
 *fill*         0x000000000800764a        0x2 
 .text.prvResetNextTaskUnblockTime
                0x000000000800764c       0x40 ./Middlewares/Third_Party/FreeRTOS/Source/tasks.o
 .text.xTaskGetSchedulerState
                0x000000000800768c       0x3c ./Middlewares/Third_Party/FreeRTOS/Source/tasks.o
                0x000000000800768c                xTaskGetSchedulerState
 .text.xTaskPriorityDisinherit
                0x00000000080076c8       0xdc ./Middlewares/Third_Party/FreeRTOS/Source/tasks.o
                0x00000000080076c8                xTaskPriorityDisinherit
 .text.prvAddCurrentTaskToDelayedList
                0x00000000080077a4       0xa8 ./Middlewares/Third_Party/FreeRTOS/Source/tasks.o
 .text.xTimerCreateTimerTask
                0x000000000800784c       0x90 ./Middlewares/Third_Party/FreeRTOS/Source/timers.o
                0x000000000800784c                xTimerCreateTimerTask
 .text.xTimerCreate
                0x00000000080078dc       0x42 ./Middlewares/Third_Party/FreeRTOS/Source/timers.o
                0x00000000080078dc                xTimerCreate
 .text.xTimerCreateStatic
                0x000000000800791e       0x7c ./Middlewares/Third_Party/FreeRTOS/Source/timers.o
                0x000000000800791e                xTimerCreateStatic
 .text.prvInitialiseNewTimer
                0x000000000800799a       0x76 ./Middlewares/Third_Party/FreeRTOS/Source/timers.o
 .text.xTimerGenericCommand
                0x0000000008007a10       0x9c ./Middlewares/Third_Party/FreeRTOS/Source/timers.o
                0x0000000008007a10                xTimerGenericCommand
 .text.prvProcessExpiredTimer
                0x0000000008007aac       0x98 ./Middlewares/Third_Party/FreeRTOS/Source/timers.o
 .text.prvTimerTask
                0x0000000008007b44       0x24 ./Middlewares/Third_Party/FreeRTOS/Source/timers.o
 .text.prvProcessTimerOrBlockTask
                0x0000000008007b68       0x9c ./Middlewares/Third_Party/FreeRTOS/Source/timers.o
 .text.prvGetNextExpireTime
                0x0000000008007c04       0x48 ./Middlewares/Third_Party/FreeRTOS/Source/timers.o
 .text.prvSampleTimeNow
                0x0000000008007c4c       0x40 ./Middlewares/Third_Party/FreeRTOS/Source/timers.o
 .text.prvInsertTimerInActiveList
                0x0000000008007c8c       0x84 ./Middlewares/Third_Party/FreeRTOS/Source/timers.o
 .text.prvProcessReceivedCommands
                0x0000000008007d10      0x1c4 ./Middlewares/Third_Party/FreeRTOS/Source/timers.o
 .text.prvSwitchTimerLists
                0x0000000008007ed4       0xc8 ./Middlewares/Third_Party/FreeRTOS/Source/timers.o
 .text.prvCheckForValidListAndQueue
                0x0000000008007f9c       0x80 ./Middlewares/Third_Party/FreeRTOS/Source/timers.o
 .text.pvTimerGetTimerID
                0x000000000800801c       0x40 ./Middlewares/Third_Party/FreeRTOS/Source/timers.o
                0x000000000800801c                pvTimerGetTimerID
 .text.xTimerPendFunctionCallFromISR
                0x000000000800805c       0x40 ./Middlewares/Third_Party/FreeRTOS/Source/timers.o
                0x000000000800805c                xTimerPendFunctionCallFromISR
 .text.pxPortInitialiseStack
                0x000000000800809c       0x68 ./Middlewares/Third_Party/FreeRTOS/Source/portable/GCC/ARM_CM4F/port.o
                0x000000000800809c                pxPortInitialiseStack
 .text.prvTaskExitError
                0x0000000008008104       0x58 ./Middlewares/Third_Party/FreeRTOS/Source/portable/GCC/ARM_CM4F/port.o
 *fill*         0x000000000800815c        0x4 
 .text.SVC_Handler
                0x0000000008008160       0x28 ./Middlewares/Third_Party/FreeRTOS/Source/portable/GCC/ARM_CM4F/port.o
                0x0000000008008160                SVC_Handler
 .text.prvPortStartFirstTask
                0x0000000008008188       0x28 ./Middlewares/Third_Party/FreeRTOS/Source/portable/GCC/ARM_CM4F/port.o
 .text.xPortStartScheduler
                0x00000000080081b0      0x144 ./Middlewares/Third_Party/FreeRTOS/Source/portable/GCC/ARM_CM4F/port.o
                0x00000000080081b0                xPortStartScheduler
 .text.vPortEnterCritical
                0x00000000080082f4       0x60 ./Middlewares/Third_Party/FreeRTOS/Source/portable/GCC/ARM_CM4F/port.o
                0x00000000080082f4                vPortEnterCritical
 .text.vPortExitCritical
                0x0000000008008354       0x54 ./Middlewares/Third_Party/FreeRTOS/Source/portable/GCC/ARM_CM4F/port.o
                0x0000000008008354                vPortExitCritical
 *fill*         0x00000000080083a8        0x8 
 .text.PendSV_Handler
                0x00000000080083b0       0x68 ./Middlewares/Third_Party/FreeRTOS/Source/portable/GCC/ARM_CM4F/port.o
                0x00000000080083b0                PendSV_Handler
 .text.xPortSysTickHandler
                0x0000000008008418       0x44 ./Middlewares/Third_Party/FreeRTOS/Source/portable/GCC/ARM_CM4F/port.o
                0x0000000008008418                xPortSysTickHandler
 .text.vPortSetupTimerInterrupt
                0x000000000800845c       0x48 ./Middlewares/Third_Party/FreeRTOS/Source/portable/GCC/ARM_CM4F/port.o
                0x000000000800845c                vPortSetupTimerInterrupt
 .text.vPortEnableVFP
                0x00000000080084a4       0x14 ./Middlewares/Third_Party/FreeRTOS/Source/portable/GCC/ARM_CM4F/port.o
 .text.vPortValidateInterruptPriority
                0x00000000080084b8       0x80 ./Middlewares/Third_Party/FreeRTOS/Source/portable/GCC/ARM_CM4F/port.o
                0x00000000080084b8                vPortValidateInterruptPriority
 .text.pvPortMalloc
                0x0000000008008538      0x198 ./Middlewares/Third_Party/FreeRTOS/Source/portable/MemMang/heap_4.o
                0x0000000008008538                pvPortMalloc
 .text.vPortFree
                0x00000000080086d0       0xc4 ./Middlewares/Third_Party/FreeRTOS/Source/portable/MemMang/heap_4.o
                0x00000000080086d0                vPortFree
 .text.prvHeapInit
                0x0000000008008794       0xc4 ./Middlewares/Third_Party/FreeRTOS/Source/portable/MemMang/heap_4.o
 .text.prvInsertBlockIntoFreeList
                0x0000000008008858       0xb4 ./Middlewares/Third_Party/FreeRTOS/Source/portable/MemMang/heap_4.o
 .text.memset   0x000000000800890c       0x10 /Applications/STM32CubeIDE.app/Contents/Eclipse/plugins/com.st.stm32cube.ide.mcu.externaltools.gnu-tools-for-stm32.11.3.rel1.macos64_1.1.0.202305231506/tools/bin/../lib/gcc/arm-none-eabi/11.3.1/../../../../arm-none-eabi/lib/thumb/v7e-m+fp/hard/libc_nano.a(libc_a-memset.o)
                0x000000000800890c                memset
 .text.__errno  0x000000000800891c        0xc /Applications/STM32CubeIDE.app/Contents/Eclipse/plugins/com.st.stm32cube.ide.mcu.externaltools.gnu-tools-for-stm32.11.3.rel1.macos64_1.1.0.202305231506/tools/bin/../lib/gcc/arm-none-eabi/11.3.1/../../../../arm-none-eabi/lib/thumb/v7e-m+fp/hard/libc_nano.a(libc_a-errno.o)
                0x000000000800891c                __errno
 .text.__libc_init_array
                0x0000000008008928       0x48 /Applications/STM32CubeIDE.app/Contents/Eclipse/plugins/com.st.stm32cube.ide.mcu.externaltools.gnu-tools-for-stm32.11.3.rel1.macos64_1.1.0.202305231506/tools/bin/../lib/gcc/arm-none-eabi/11.3.1/../../../../arm-none-eabi/lib/thumb/v7e-m+fp/hard/libc_nano.a(libc_a-init.o)
                0x0000000008008928                __libc_init_array
 .text.memcpy   0x0000000008008970       0x1c /Applications/STM32CubeIDE.app/Contents/Eclipse/plugins/com.st.stm32cube.ide.mcu.externaltools.gnu-tools-for-stm32.11.3.rel1.macos64_1.1.0.202305231506/tools/bin/../lib/gcc/arm-none-eabi/11.3.1/../../../../arm-none-eabi/lib/thumb/v7e-m+fp/hard/libc_nano.a(libc_a-memcpy-stub.o)
                0x0000000008008970                memcpy
 .text.sqrt     0x000000000800898c       0x58 /Applications/STM32CubeIDE.app/Contents/Eclipse/plugins/com.st.stm32cube.ide.mcu.externaltools.gnu-tools-for-stm32.11.3.rel1.macos64_1.1.0.202305231506/tools/bin/../lib/gcc/arm-none-eabi/11.3.1/../../../../arm-none-eabi/lib/thumb/v7e-m+fp/hard/libm.a(libm_a-w_sqrt.o)
                0x000000000800898c                sqrt
 .text.__ieee754_sqrt
                0x00000000080089e4      0x1b4 /Applications/STM32CubeIDE.app/Contents/Eclipse/plugins/com.st.stm32cube.ide.mcu.externaltools.gnu-tools-for-stm32.11.3.rel1.macos64_1.1.0.202305231506/tools/bin/../lib/gcc/arm-none-eabi/11.3.1/../../../../arm-none-eabi/lib/thumb/v7e-m+fp/hard/libm.a(libm_a-e_sqrt.o)
                0x00000000080089e4                __ieee754_sqrt
 *(.glue_7)
 .glue_7        0x0000000008008b98        0x0 linker stubs
 *(.glue_7t)
 .glue_7t       0x0000000008008b98        0x0 linker stubs
 *(.eh_frame)
 .eh_frame      0x0000000008008b98        0x0 /Applications/STM32CubeIDE.app/Contents/Eclipse/plugins/com.st.stm32cube.ide.mcu.externaltools.gnu-tools-for-stm32.11.3.rel1.macos64_1.1.0.202305231506/tools/bin/../lib/gcc/arm-none-eabi/11.3.1/thumb/v7e-m+fp/hard/crtbegin.o
 *(.init)
 .init          0x0000000008008b98        0x4 /Applications/STM32CubeIDE.app/Contents/Eclipse/plugins/com.st.stm32cube.ide.mcu.externaltools.gnu-tools-for-stm32.11.3.rel1.macos64_1.1.0.202305231506/tools/bin/../lib/gcc/arm-none-eabi/11.3.1/thumb/v7e-m+fp/hard/crti.o
                0x0000000008008b98                _init
 .init          0x0000000008008b9c        0x8 /Applications/STM32CubeIDE.app/Contents/Eclipse/plugins/com.st.stm32cube.ide.mcu.externaltools.gnu-tools-for-stm32.11.3.rel1.macos64_1.1.0.202305231506/tools/bin/../lib/gcc/arm-none-eabi/11.3.1/thumb/v7e-m+fp/hard/crtn.o
 *(.fini)
 .fini          0x0000000008008ba4        0x4 /Applications/STM32CubeIDE.app/Contents/Eclipse/plugins/com.st.stm32cube.ide.mcu.externaltools.gnu-tools-for-stm32.11.3.rel1.macos64_1.1.0.202305231506/tools/bin/../lib/gcc/arm-none-eabi/11.3.1/thumb/v7e-m+fp/hard/crti.o
                0x0000000008008ba4                _fini
 .fini          0x0000000008008ba8        0x8 /Applications/STM32CubeIDE.app/Contents/Eclipse/plugins/com.st.stm32cube.ide.mcu.externaltools.gnu-tools-for-stm32.11.3.rel1.macos64_1.1.0.202305231506/tools/bin/../lib/gcc/arm-none-eabi/11.3.1/thumb/v7e-m+fp/hard/crtn.o
                0x0000000008008bb0                . = ALIGN (0x4)
                0x0000000008008bb0                _etext = .

.vfp11_veneer   0x0000000008008bb0        0x0
 .vfp11_veneer  0x0000000008008bb0        0x0 linker stubs

.v4_bx          0x0000000008008bb0        0x0
 .v4_bx         0x0000000008008bb0        0x0 linker stubs

.iplt           0x0000000008008bb0        0x0
 .iplt          0x0000000008008bb0        0x0 /Applications/STM32CubeIDE.app/Contents/Eclipse/plugins/com.st.stm32cube.ide.mcu.externaltools.gnu-tools-for-stm32.11.3.rel1.macos64_1.1.0.202305231506/tools/bin/../lib/gcc/arm-none-eabi/11.3.1/thumb/v7e-m+fp/hard/crtbegin.o

.rodata         0x0000000008008bb0     0x1344
                0x0000000008008bb0                . = ALIGN (0x4)
 *(.rodata)
 .rodata        0x0000000008008bb0       0x60 ./Core/Src/ApplicationCode.o
 .rodata        0x0000000008008c10        0xc ./Core/Src/main.o
 .rodata        0x0000000008008c1c        0x5 ./Middlewares/Third_Party/FreeRTOS/Source/tasks.o
 *fill*         0x0000000008008c21        0x3 
 .rodata        0x0000000008008c24        0xd ./Middlewares/Third_Party/FreeRTOS/Source/timers.o
 *(.rodata*)
 *fill*         0x0000000008008c31        0x3 
 .rodata.timers_attribute
                0x0000000008008c34       0x10 ./Core/Src/ApplicationCode.o
                0x0000000008008c34                timers_attribute
 .rodata.event_attr1
                0x0000000008008c44       0x10 ./Core/Src/ApplicationCode.o
                0x0000000008008c44                event_attr1
 .rodata.event_attr2
                0x0000000008008c54       0x10 ./Core/Src/ApplicationCode.o
                0x0000000008008c54                event_attr2
 .rodata.sema_atrr
                0x0000000008008c64       0x10 ./Core/Src/ApplicationCode.o
                0x0000000008008c64                sema_atrr
 .rodata.mutexx_atrr1
                0x0000000008008c74       0x10 ./Core/Src/ApplicationCode.o
                0x0000000008008c74                mutexx_atrr1
 .rodata.mutexx_atrr2
                0x0000000008008c84       0x10 ./Core/Src/ApplicationCode.o
                0x0000000008008c84                mutexx_atrr2
 .rodata.task_Attr_physics
                0x0000000008008c94       0x24 ./Core/Src/ApplicationCode.o
                0x0000000008008c94                task_Attr_physics
 .rodata.task_Attr_LCDdisplay
                0x0000000008008cb8       0x24 ./Core/Src/ApplicationCode.o
                0x0000000008008cb8                task_Attr_LCDdisplay
 .rodata.task_Attr_buttonDisrupt
                0x0000000008008cdc       0x24 ./Core/Src/ApplicationCode.o
                0x0000000008008cdc                task_Attr_buttonDisrupt
 .rodata.ASCII16x24_Table
                0x0000000008008d00     0x11d0 ./Core/Src/fonts.o
                0x0000000008008d00                ASCII16x24_Table
 .rodata.defaultTask_attributes
                0x0000000008009ed0       0x24 ./Core/Src/main.o
                0x0000000008009ed0                defaultTask_attributes
                0x0000000008009ef4                . = ALIGN (0x4)

.rel.dyn        0x0000000008009ef4        0x0
 .rel.iplt      0x0000000008009ef4        0x0 /Applications/STM32CubeIDE.app/Contents/Eclipse/plugins/com.st.stm32cube.ide.mcu.externaltools.gnu-tools-for-stm32.11.3.rel1.macos64_1.1.0.202305231506/tools/bin/../lib/gcc/arm-none-eabi/11.3.1/thumb/v7e-m+fp/hard/crtbegin.o

.ARM.extab      0x0000000008009ef4        0x0
                0x0000000008009ef4                . = ALIGN (0x4)
 *(.ARM.extab* .gnu.linkonce.armextab.*)
                0x0000000008009ef4                . = ALIGN (0x4)

.ARM            0x0000000008009ef4        0x0
                0x0000000008009ef4                . = ALIGN (0x4)
                0x0000000008009ef4                __exidx_start = .
 *(.ARM.exidx*)
                0x0000000008009ef4                __exidx_end = .
                0x0000000008009ef4                . = ALIGN (0x4)

.preinit_array  0x0000000008009ef4        0x0
                0x0000000008009ef4                . = ALIGN (0x4)
                0x0000000008009ef4                PROVIDE (__preinit_array_start = .)
 *(.preinit_array*)
                0x0000000008009ef4                PROVIDE (__preinit_array_end = .)
                0x0000000008009ef4                . = ALIGN (0x4)

.init_array     0x0000000008009ef4        0x4
                0x0000000008009ef4                . = ALIGN (0x4)
                0x0000000008009ef4                PROVIDE (__init_array_start = .)
 *(SORT_BY_NAME(.init_array.*))
 *(.init_array*)
 .init_array    0x0000000008009ef4        0x4 /Applications/STM32CubeIDE.app/Contents/Eclipse/plugins/com.st.stm32cube.ide.mcu.externaltools.gnu-tools-for-stm32.11.3.rel1.macos64_1.1.0.202305231506/tools/bin/../lib/gcc/arm-none-eabi/11.3.1/thumb/v7e-m+fp/hard/crtbegin.o
                0x0000000008009ef8                PROVIDE (__init_array_end = .)
                0x0000000008009ef8                . = ALIGN (0x4)

.fini_array     0x0000000008009ef8        0x4
                0x0000000008009ef8                . = ALIGN (0x4)
                [!provide]                        PROVIDE (__fini_array_start = .)
 *(SORT_BY_NAME(.fini_array.*))
 *(.fini_array*)
 .fini_array    0x0000000008009ef8        0x4 /Applications/STM32CubeIDE.app/Contents/Eclipse/plugins/com.st.stm32cube.ide.mcu.externaltools.gnu-tools-for-stm32.11.3.rel1.macos64_1.1.0.202305231506/tools/bin/../lib/gcc/arm-none-eabi/11.3.1/thumb/v7e-m+fp/hard/crtbegin.o
                [!provide]                        PROVIDE (__fini_array_end = .)
                0x0000000008009efc                . = ALIGN (0x4)
                0x0000000008009efc                _sidata = LOADADDR (.data)

.data           0x0000000020000000      0x2b8 load address 0x0000000008009efc
                0x0000000020000000                . = ALIGN (0x4)
                0x0000000020000000                _sdata = .
 *(.data)
 *(.data*)
 .data.static_maze
                0x0000000020000000      0x230 ./Core/Src/ApplicationCode.o
                0x0000000020000000                static_maze
 .data.tick     0x0000000020000230        0x4 ./Core/Src/ApplicationCode.o
 .data.CurrentTextColor
                0x0000000020000234        0x2 ./Core/Src/LCD_Driver.o
 *fill*         0x0000000020000236        0x2 
 .data.SpiTimeout
                0x0000000020000238        0x4 ./Core/Src/LCD_Driver.o
                0x0000000020000238                SpiTimeout
 .data.Font16x24
                0x000000002000023c        0x8 ./Core/Src/fonts.o
                0x000000002000023c                Font16x24
 .data.SystemCoreClock
                0x0000000020000244        0x4 ./Core/Src/system_stm32f4xx.o
                0x0000000020000244                SystemCoreClock
 .data.uwTickPrio
                0x0000000020000248        0x4 ./Drivers/STM32F4xx_HAL_Driver/Src/stm32f4xx_hal.o
                0x0000000020000248                uwTickPrio
 .data.uwTickFreq
                0x000000002000024c        0x1 ./Drivers/STM32F4xx_HAL_Driver/Src/stm32f4xx_hal.o
                0x000000002000024c                uwTickFreq
 *fill*         0x000000002000024d        0x3 
 .data.uxCriticalNesting
                0x0000000020000250        0x4 ./Middlewares/Third_Party/FreeRTOS/Source/portable/GCC/ARM_CM4F/port.o
 .data._impure_data
                0x0000000020000254       0x4c /Applications/STM32CubeIDE.app/Contents/Eclipse/plugins/com.st.stm32cube.ide.mcu.externaltools.gnu-tools-for-stm32.11.3.rel1.macos64_1.1.0.202305231506/tools/bin/../lib/gcc/arm-none-eabi/11.3.1/../../../../arm-none-eabi/lib/thumb/v7e-m+fp/hard/libc_nano.a(libc_a-impure.o)
                0x0000000020000254                _impure_data
 .data._impure_ptr
                0x00000000200002a0        0x4 /Applications/STM32CubeIDE.app/Contents/Eclipse/plugins/com.st.stm32cube.ide.mcu.externaltools.gnu-tools-for-stm32.11.3.rel1.macos64_1.1.0.202305231506/tools/bin/../lib/gcc/arm-none-eabi/11.3.1/../../../../arm-none-eabi/lib/thumb/v7e-m+fp/hard/libc_nano.a(libc_a-impure.o)
                0x00000000200002a0                _impure_ptr
 *fill*         0x00000000200002a4        0x4 
 .data.one      0x00000000200002a8        0x8 /Applications/STM32CubeIDE.app/Contents/Eclipse/plugins/com.st.stm32cube.ide.mcu.externaltools.gnu-tools-for-stm32.11.3.rel1.macos64_1.1.0.202305231506/tools/bin/../lib/gcc/arm-none-eabi/11.3.1/../../../../arm-none-eabi/lib/thumb/v7e-m+fp/hard/libm.a(libm_a-e_sqrt.o)
 .data.tiny     0x00000000200002b0        0x8 /Applications/STM32CubeIDE.app/Contents/Eclipse/plugins/com.st.stm32cube.ide.mcu.externaltools.gnu-tools-for-stm32.11.3.rel1.macos64_1.1.0.202305231506/tools/bin/../lib/gcc/arm-none-eabi/11.3.1/../../../../arm-none-eabi/lib/thumb/v7e-m+fp/hard/libm.a(libm_a-e_sqrt.o)
 *(.RamFunc)
 *(.RamFunc*)
                0x00000000200002b8                . = ALIGN (0x4)
                0x00000000200002b8                _edata = .
                0x000000000800a1b4                _siccmram = LOADADDR (.ccmram)

.igot.plt       0x00000000200002b8        0x0 load address 0x000000000800a1b4
 .igot.plt      0x00000000200002b8        0x0 /Applications/STM32CubeIDE.app/Contents/Eclipse/plugins/com.st.stm32cube.ide.mcu.externaltools.gnu-tools-for-stm32.11.3.rel1.macos64_1.1.0.202305231506/tools/bin/../lib/gcc/arm-none-eabi/11.3.1/thumb/v7e-m+fp/hard/crtbegin.o

.ccmram         0x0000000010000000        0x0 load address 0x000000000800a1b4
                0x0000000010000000                . = ALIGN (0x4)
                0x0000000010000000                _sccmram = .
 *(.ccmram)
 *(.ccmram*)
                0x0000000010000000                . = ALIGN (0x4)
                0x0000000010000000                _eccmram = .
                0x0000000010000000                . = ALIGN (0x4)

.bss            0x00000000200002b8    0x2ade4
                0x00000000200002b8                _sbss = .
                0x00000000200002b8                __bss_start__ = _sbss
 *(.bss)
 .bss           0x00000000200002b8       0x1c /Applications/STM32CubeIDE.app/Contents/Eclipse/plugins/com.st.stm32cube.ide.mcu.externaltools.gnu-tools-for-stm32.11.3.rel1.macos64_1.1.0.202305231506/tools/bin/../lib/gcc/arm-none-eabi/11.3.1/thumb/v7e-m+fp/hard/crtbegin.o
 *(.bss*)
 .bss.tcb       0x00000000200002d4       0x2c ./Core/Src/ApplicationCode.o
 .bss.tcb1      0x0000000020000300       0x5c ./Core/Src/ApplicationCode.o
 .bss.tcb2      0x000000002000035c       0x5c ./Core/Src/ApplicationCode.o
 .bss.tcb4      0x00000000200003b8       0x5c ./Core/Src/ApplicationCode.o
 .bss.stackTasks_physics
                0x0000000020000414      0x258 ./Core/Src/ApplicationCode.o
 .bss.stackTasks_lcd
                0x000000002000066c      0x258 ./Core/Src/ApplicationCode.o
 .bss.stackTasks_dir
                0x00000000200008c4      0x258 ./Core/Src/ApplicationCode.o
 .bss.event_flag_id1
                0x0000000020000b1c        0x4 ./Core/Src/ApplicationCode.o
 .bss.event_flag_id2
                0x0000000020000b20        0x4 ./Core/Src/ApplicationCode.o
 .bss.sema_id   0x0000000020000b24        0x4 ./Core/Src/ApplicationCode.o
 .bss.mut_id1   0x0000000020000b28        0x4 ./Core/Src/ApplicationCode.o
 .bss.mut_id2   0x0000000020000b2c        0x4 ./Core/Src/ApplicationCode.o
 .bss.timeID    0x0000000020000b30        0x4 ./Core/Src/ApplicationCode.o
 .bss.taskID_physics
                0x0000000020000b34        0x4 ./Core/Src/ApplicationCode.o
 .bss.taskID_lcd
                0x0000000020000b38        0x4 ./Core/Src/ApplicationCode.o
 .bss.taskID_led
                0x0000000020000b3c        0x4 ./Core/Src/ApplicationCode.o
 .bss.HAL_Status
                0x0000000020000b40        0x1 ./Core/Src/Gyro_Driver.o
 *fill*         0x0000000020000b41        0x3 
 .bss.x_data    0x0000000020000b44        0x4 ./Core/Src/Gyro_Driver.o
                0x0000000020000b44                x_data
 .bss.y_data    0x0000000020000b48        0x4 ./Core/Src/Gyro_Driver.o
                0x0000000020000b48                y_data
 .bss.hltdc     0x0000000020000b4c       0xa8 ./Core/Src/LCD_Driver.o
 .bss.PeriphClkInitStruct
                0x0000000020000bf4       0x30 ./Core/Src/LCD_Driver.o
 .bss.LCD_Currentfonts
                0x0000000020000c24        0x4 ./Core/Src/LCD_Driver.o
 .bss.SpiHandle
                0x0000000020000c28       0x58 ./Core/Src/LCD_Driver.o
 .bss.frameBuffer
                0x0000000020000c80    0x25800 ./Core/Src/LCD_Driver.o
                0x0000000020000c80                frameBuffer
 .bss.Is_LCD_IO_Initialized
                0x0000000020026480        0x1 ./Core/Src/LCD_Driver.o
 *fill*         0x0000000020026481        0x3 
 .bss.hdma2d    0x0000000020026484       0x40 ./Core/Src/main.o
                0x0000000020026484                hdma2d
 .bss.hltdc     0x00000000200264c4       0xa8 ./Core/Src/main.o
                0x00000000200264c4                hltdc
 .bss.hrng      0x000000002002656c       0x10 ./Core/Src/main.o
                0x000000002002656c                hrng
 .bss.hspi5     0x000000002002657c       0x58 ./Core/Src/main.o
                0x000000002002657c                hspi5
 .bss.hsdram2   0x00000000200265d4       0x34 ./Core/Src/main.o
                0x00000000200265d4                hsdram2
 .bss.defaultTaskHandle
                0x0000000020026608        0x4 ./Core/Src/main.o
                0x0000000020026608                defaultTaskHandle
 .bss.FMC_Initialized
                0x000000002002660c        0x4 ./Core/Src/stm32f4xx_hal_msp.o
 .bss.uwTick    0x0000000020026610        0x4 ./Drivers/STM32F4xx_HAL_Driver/Src/stm32f4xx_hal.o
                0x0000000020026610                uwTick
 .bss.KernelState
                0x0000000020026614        0x4 ./Middlewares/Third_Party/FreeRTOS/Source/CMSIS_RTOS_V2/cmsis_os2.o
 .bss.Idle_TCB.3
                0x0000000020026618       0x5c ./Middlewares/Third_Party/FreeRTOS/Source/CMSIS_RTOS_V2/cmsis_os2.o
 .bss.Idle_Stack.2
                0x0000000020026674      0x200 ./Middlewares/Third_Party/FreeRTOS/Source/CMSIS_RTOS_V2/cmsis_os2.o
 .bss.Timer_TCB.1
                0x0000000020026874       0x5c ./Middlewares/Third_Party/FreeRTOS/Source/CMSIS_RTOS_V2/cmsis_os2.o
 .bss.Timer_Stack.0
                0x00000000200268d0      0x400 ./Middlewares/Third_Party/FreeRTOS/Source/CMSIS_RTOS_V2/cmsis_os2.o
 .bss.xQueueRegistry
                0x0000000020026cd0       0x40 ./Middlewares/Third_Party/FreeRTOS/Source/queue.o
                0x0000000020026cd0                xQueueRegistry
 .bss.pxCurrentTCB
                0x0000000020026d10        0x4 ./Middlewares/Third_Party/FreeRTOS/Source/tasks.o
                0x0000000020026d10                pxCurrentTCB
 .bss.pxReadyTasksLists
                0x0000000020026d14      0x460 ./Middlewares/Third_Party/FreeRTOS/Source/tasks.o
 .bss.xDelayedTaskList1
                0x0000000020027174       0x14 ./Middlewares/Third_Party/FreeRTOS/Source/tasks.o
 .bss.xDelayedTaskList2
                0x0000000020027188       0x14 ./Middlewares/Third_Party/FreeRTOS/Source/tasks.o
 .bss.pxDelayedTaskList
                0x000000002002719c        0x4 ./Middlewares/Third_Party/FreeRTOS/Source/tasks.o
 .bss.pxOverflowDelayedTaskList
                0x00000000200271a0        0x4 ./Middlewares/Third_Party/FreeRTOS/Source/tasks.o
 .bss.xPendingReadyList
                0x00000000200271a4       0x14 ./Middlewares/Third_Party/FreeRTOS/Source/tasks.o
 .bss.xTasksWaitingTermination
                0x00000000200271b8       0x14 ./Middlewares/Third_Party/FreeRTOS/Source/tasks.o
 .bss.uxDeletedTasksWaitingCleanUp
                0x00000000200271cc        0x4 ./Middlewares/Third_Party/FreeRTOS/Source/tasks.o
 .bss.xSuspendedTaskList
                0x00000000200271d0       0x14 ./Middlewares/Third_Party/FreeRTOS/Source/tasks.o
 .bss.uxCurrentNumberOfTasks
                0x00000000200271e4        0x4 ./Middlewares/Third_Party/FreeRTOS/Source/tasks.o
 .bss.xTickCount
                0x00000000200271e8        0x4 ./Middlewares/Third_Party/FreeRTOS/Source/tasks.o
 .bss.uxTopReadyPriority
                0x00000000200271ec        0x4 ./Middlewares/Third_Party/FreeRTOS/Source/tasks.o
 .bss.xSchedulerRunning
                0x00000000200271f0        0x4 ./Middlewares/Third_Party/FreeRTOS/Source/tasks.o
 .bss.xPendedTicks
                0x00000000200271f4        0x4 ./Middlewares/Third_Party/FreeRTOS/Source/tasks.o
 .bss.xYieldPending
                0x00000000200271f8        0x4 ./Middlewares/Third_Party/FreeRTOS/Source/tasks.o
 .bss.xNumOfOverflows
                0x00000000200271fc        0x4 ./Middlewares/Third_Party/FreeRTOS/Source/tasks.o
 .bss.uxTaskNumber
                0x0000000020027200        0x4 ./Middlewares/Third_Party/FreeRTOS/Source/tasks.o
 .bss.xNextTaskUnblockTime
                0x0000000020027204        0x4 ./Middlewares/Third_Party/FreeRTOS/Source/tasks.o
 .bss.xIdleTaskHandle
                0x0000000020027208        0x4 ./Middlewares/Third_Party/FreeRTOS/Source/tasks.o
 .bss.uxSchedulerSuspended
                0x000000002002720c        0x4 ./Middlewares/Third_Party/FreeRTOS/Source/tasks.o
 .bss.xActiveTimerList1
                0x0000000020027210       0x14 ./Middlewares/Third_Party/FreeRTOS/Source/timers.o
 .bss.xActiveTimerList2
                0x0000000020027224       0x14 ./Middlewares/Third_Party/FreeRTOS/Source/timers.o
 .bss.pxCurrentTimerList
                0x0000000020027238        0x4 ./Middlewares/Third_Party/FreeRTOS/Source/timers.o
 .bss.pxOverflowTimerList
                0x000000002002723c        0x4 ./Middlewares/Third_Party/FreeRTOS/Source/timers.o
 .bss.xTimerQueue
                0x0000000020027240        0x4 ./Middlewares/Third_Party/FreeRTOS/Source/timers.o
 .bss.xTimerTaskHandle
                0x0000000020027244        0x4 ./Middlewares/Third_Party/FreeRTOS/Source/timers.o
 .bss.xLastTime.2
                0x0000000020027248        0x4 ./Middlewares/Third_Party/FreeRTOS/Source/timers.o
 .bss.ucStaticTimerQueueStorage.1
                0x000000002002724c       0xa0 ./Middlewares/Third_Party/FreeRTOS/Source/timers.o
 .bss.xStaticTimerQueue.0
                0x00000000200272ec       0x50 ./Middlewares/Third_Party/FreeRTOS/Source/timers.o
 .bss.ucMaxSysCallPriority
                0x000000002002733c        0x1 ./Middlewares/Third_Party/FreeRTOS/Source/portable/GCC/ARM_CM4F/port.o
 *fill*         0x000000002002733d        0x3 
 .bss.ulMaxPRIGROUPValue
                0x0000000020027340        0x4 ./Middlewares/Third_Party/FreeRTOS/Source/portable/GCC/ARM_CM4F/port.o
 .bss.ucHeap    0x0000000020027344     0x3c00 ./Middlewares/Third_Party/FreeRTOS/Source/portable/MemMang/heap_4.o
 .bss.xStart    0x000000002002af44        0x8 ./Middlewares/Third_Party/FreeRTOS/Source/portable/MemMang/heap_4.o
 .bss.pxEnd     0x000000002002af4c        0x4 ./Middlewares/Third_Party/FreeRTOS/Source/portable/MemMang/heap_4.o
 .bss.xFreeBytesRemaining
                0x000000002002af50        0x4 ./Middlewares/Third_Party/FreeRTOS/Source/portable/MemMang/heap_4.o
 .bss.xMinimumEverFreeBytesRemaining
                0x000000002002af54        0x4 ./Middlewares/Third_Party/FreeRTOS/Source/portable/MemMang/heap_4.o
 .bss.xNumberOfSuccessfulAllocations
                0x000000002002af58        0x4 ./Middlewares/Third_Party/FreeRTOS/Source/portable/MemMang/heap_4.o
 .bss.xNumberOfSuccessfulFrees
                0x000000002002af5c        0x4 ./Middlewares/Third_Party/FreeRTOS/Source/portable/MemMang/heap_4.o
 .bss.xBlockAllocatedBit
                0x000000002002af60        0x4 ./Middlewares/Third_Party/FreeRTOS/Source/portable/MemMang/heap_4.o
 .bss.__sf      0x000000002002af64      0x138 /Applications/STM32CubeIDE.app/Contents/Eclipse/plugins/com.st.stm32cube.ide.mcu.externaltools.gnu-tools-for-stm32.11.3.rel1.macos64_1.1.0.202305231506/tools/bin/../lib/gcc/arm-none-eabi/11.3.1/../../../../arm-none-eabi/lib/thumb/v7e-m+fp/hard/libc_nano.a(libc_a-findfp.o)
                0x000000002002af64                __sf
 *(COMMON)
                0x000000002002b09c                . = ALIGN (0x4)
                0x000000002002b09c                _ebss = .
                0x000000002002b09c                __bss_end__ = _ebss

._user_heap_stack
                0x000000002002b09c      0x604
                0x000000002002b0a0                . = ALIGN (0x8)
 *fill*         0x000000002002b09c        0x4 
                [!provide]                        PROVIDE (end = .)
                0x000000002002b0a0                PROVIDE (_end = .)
                0x000000002002b2a0                . = (. + _Min_Heap_Size)
 *fill*         0x000000002002b0a0      0x200 
                0x000000002002b6a0                . = (. + _Min_Stack_Size)
 *fill*         0x000000002002b2a0      0x400 
                0x000000002002b6a0                . = ALIGN (0x8)

/DISCARD/
 libc.a(*)
 libm.a(*)
 libgcc.a(*)

.ARM.attributes
                0x0000000000000000       0x30
 *(.ARM.attributes)
 .ARM.attributes
                0x0000000000000000       0x1e /Applications/STM32CubeIDE.app/Contents/Eclipse/plugins/com.st.stm32cube.ide.mcu.externaltools.gnu-tools-for-stm32.11.3.rel1.macos64_1.1.0.202305231506/tools/bin/../lib/gcc/arm-none-eabi/11.3.1/thumb/v7e-m+fp/hard/crti.o
 .ARM.attributes
                0x000000000000001e       0x34 /Applications/STM32CubeIDE.app/Contents/Eclipse/plugins/com.st.stm32cube.ide.mcu.externaltools.gnu-tools-for-stm32.11.3.rel1.macos64_1.1.0.202305231506/tools/bin/../lib/gcc/arm-none-eabi/11.3.1/thumb/v7e-m+fp/hard/crtbegin.o
 .ARM.attributes
                0x0000000000000052       0x34 ./Core/Src/ApplicationCode.o
 .ARM.attributes
                0x0000000000000086       0x34 ./Core/Src/Gyro_Driver.o
 .ARM.attributes
                0x00000000000000ba       0x34 ./Core/Src/LCD_Driver.o
 .ARM.attributes
                0x00000000000000ee       0x34 ./Core/Src/fonts.o
 .ARM.attributes
                0x0000000000000122       0x34 ./Core/Src/main.o
 .ARM.attributes
                0x0000000000000156       0x34 ./Core/Src/stm32f4xx_hal_msp.o
 .ARM.attributes
                0x000000000000018a       0x34 ./Core/Src/stm32f4xx_it.o
 .ARM.attributes
                0x00000000000001be       0x34 ./Core/Src/system_stm32f4xx.o
 .ARM.attributes
                0x00000000000001f2       0x21 ./Core/Startup/startup_stm32f429zitx.o
 .ARM.attributes
                0x0000000000000213       0x34 ./Drivers/STM32F4xx_HAL_Driver/Src/stm32f4xx_hal.o
 .ARM.attributes
                0x0000000000000247       0x34 ./Drivers/STM32F4xx_HAL_Driver/Src/stm32f4xx_hal_cortex.o
 .ARM.attributes
                0x000000000000027b       0x34 ./Drivers/STM32F4xx_HAL_Driver/Src/stm32f4xx_hal_dma2d.o
 .ARM.attributes
                0x00000000000002af       0x34 ./Drivers/STM32F4xx_HAL_Driver/Src/stm32f4xx_hal_gpio.o
 .ARM.attributes
                0x00000000000002e3       0x34 ./Drivers/STM32F4xx_HAL_Driver/Src/stm32f4xx_hal_ltdc.o
 .ARM.attributes
                0x0000000000000317       0x34 ./Drivers/STM32F4xx_HAL_Driver/Src/stm32f4xx_hal_rcc_ex.o
 .ARM.attributes
                0x000000000000034b       0x34 ./Drivers/STM32F4xx_HAL_Driver/Src/stm32f4xx_hal_rng.o
 .ARM.attributes
                0x000000000000037f       0x34 ./Drivers/STM32F4xx_HAL_Driver/Src/stm32f4xx_hal_sdram.o
 .ARM.attributes
                0x00000000000003b3       0x34 ./Drivers/STM32F4xx_HAL_Driver/Src/stm32f4xx_hal_spi.o
 .ARM.attributes
                0x00000000000003e7       0x34 ./Drivers/STM32F4xx_HAL_Driver/Src/stm32f4xx_ll_fmc.o
 .ARM.attributes
                0x000000000000041b       0x34 ./Middlewares/Third_Party/FreeRTOS/Source/CMSIS_RTOS_V2/cmsis_os2.o
 .ARM.attributes
                0x000000000000044f       0x34 ./Middlewares/Third_Party/FreeRTOS/Source/event_groups.o
 .ARM.attributes
                0x0000000000000483       0x34 ./Middlewares/Third_Party/FreeRTOS/Source/list.o
 .ARM.attributes
                0x00000000000004b7       0x34 ./Middlewares/Third_Party/FreeRTOS/Source/queue.o
 .ARM.attributes
                0x00000000000004eb       0x34 ./Middlewares/Third_Party/FreeRTOS/Source/tasks.o
 .ARM.attributes
                0x000000000000051f       0x34 ./Middlewares/Third_Party/FreeRTOS/Source/timers.o
 .ARM.attributes
                0x0000000000000553       0x34 ./Middlewares/Third_Party/FreeRTOS/Source/portable/GCC/ARM_CM4F/port.o
 .ARM.attributes
                0x0000000000000587       0x34 ./Middlewares/Third_Party/FreeRTOS/Source/portable/MemMang/heap_4.o
 .ARM.attributes
                0x00000000000005bb       0x34 /Applications/STM32CubeIDE.app/Contents/Eclipse/plugins/com.st.stm32cube.ide.mcu.externaltools.gnu-tools-for-stm32.11.3.rel1.macos64_1.1.0.202305231506/tools/bin/../lib/gcc/arm-none-eabi/11.3.1/../../../../arm-none-eabi/lib/thumb/v7e-m+fp/hard/libc_nano.a(libc_a-findfp.o)
 .ARM.attributes
                0x00000000000005ef       0x34 /Applications/STM32CubeIDE.app/Contents/Eclipse/plugins/com.st.stm32cube.ide.mcu.externaltools.gnu-tools-for-stm32.11.3.rel1.macos64_1.1.0.202305231506/tools/bin/../lib/gcc/arm-none-eabi/11.3.1/../../../../arm-none-eabi/lib/thumb/v7e-m+fp/hard/libc_nano.a(libc_a-memset.o)
 .ARM.attributes
                0x0000000000000623       0x34 /Applications/STM32CubeIDE.app/Contents/Eclipse/plugins/com.st.stm32cube.ide.mcu.externaltools.gnu-tools-for-stm32.11.3.rel1.macos64_1.1.0.202305231506/tools/bin/../lib/gcc/arm-none-eabi/11.3.1/../../../../arm-none-eabi/lib/thumb/v7e-m+fp/hard/libc_nano.a(libc_a-impure.o)
 .ARM.attributes
                0x0000000000000657       0x34 /Applications/STM32CubeIDE.app/Contents/Eclipse/plugins/com.st.stm32cube.ide.mcu.externaltools.gnu-tools-for-stm32.11.3.rel1.macos64_1.1.0.202305231506/tools/bin/../lib/gcc/arm-none-eabi/11.3.1/../../../../arm-none-eabi/lib/thumb/v7e-m+fp/hard/libc_nano.a(libc_a-errno.o)
 .ARM.attributes
                0x000000000000068b       0x34 /Applications/STM32CubeIDE.app/Contents/Eclipse/plugins/com.st.stm32cube.ide.mcu.externaltools.gnu-tools-for-stm32.11.3.rel1.macos64_1.1.0.202305231506/tools/bin/../lib/gcc/arm-none-eabi/11.3.1/../../../../arm-none-eabi/lib/thumb/v7e-m+fp/hard/libc_nano.a(libc_a-init.o)
 .ARM.attributes
                0x00000000000006bf       0x34 /Applications/STM32CubeIDE.app/Contents/Eclipse/plugins/com.st.stm32cube.ide.mcu.externaltools.gnu-tools-for-stm32.11.3.rel1.macos64_1.1.0.202305231506/tools/bin/../lib/gcc/arm-none-eabi/11.3.1/../../../../arm-none-eabi/lib/thumb/v7e-m+fp/hard/libc_nano.a(libc_a-memcpy-stub.o)
 .ARM.attributes
                0x00000000000006f3       0x34 /Applications/STM32CubeIDE.app/Contents/Eclipse/plugins/com.st.stm32cube.ide.mcu.externaltools.gnu-tools-for-stm32.11.3.rel1.macos64_1.1.0.202305231506/tools/bin/../lib/gcc/arm-none-eabi/11.3.1/../../../../arm-none-eabi/lib/thumb/v7e-m+fp/hard/libm.a(libm_a-w_sqrt.o)
 .ARM.attributes
                0x0000000000000727       0x34 /Applications/STM32CubeIDE.app/Contents/Eclipse/plugins/com.st.stm32cube.ide.mcu.externaltools.gnu-tools-for-stm32.11.3.rel1.macos64_1.1.0.202305231506/tools/bin/../lib/gcc/arm-none-eabi/11.3.1/../../../../arm-none-eabi/lib/thumb/v7e-m+fp/hard/libm.a(libm_a-e_sqrt.o)
 .ARM.attributes
                0x000000000000075b       0x1e /Applications/STM32CubeIDE.app/Contents/Eclipse/plugins/com.st.stm32cube.ide.mcu.externaltools.gnu-tools-for-stm32.11.3.rel1.macos64_1.1.0.202305231506/tools/bin/../lib/gcc/arm-none-eabi/11.3.1/thumb/v7e-m+fp/hard/libgcc.a(_arm_addsubdf3.o)
 .ARM.attributes
                0x0000000000000779       0x1e /Applications/STM32CubeIDE.app/Contents/Eclipse/plugins/com.st.stm32cube.ide.mcu.externaltools.gnu-tools-for-stm32.11.3.rel1.macos64_1.1.0.202305231506/tools/bin/../lib/gcc/arm-none-eabi/11.3.1/thumb/v7e-m+fp/hard/libgcc.a(_arm_muldivdf3.o)
 .ARM.attributes
                0x0000000000000797       0x1e /Applications/STM32CubeIDE.app/Contents/Eclipse/plugins/com.st.stm32cube.ide.mcu.externaltools.gnu-tools-for-stm32.11.3.rel1.macos64_1.1.0.202305231506/tools/bin/../lib/gcc/arm-none-eabi/11.3.1/thumb/v7e-m+fp/hard/libgcc.a(_arm_cmpdf2.o)
 .ARM.attributes
                0x00000000000007b5       0x1e /Applications/STM32CubeIDE.app/Contents/Eclipse/plugins/com.st.stm32cube.ide.mcu.externaltools.gnu-tools-for-stm32.11.3.rel1.macos64_1.1.0.202305231506/tools/bin/../lib/gcc/arm-none-eabi/11.3.1/thumb/v7e-m+fp/hard/libgcc.a(_arm_unorddf2.o)
 .ARM.attributes
                0x00000000000007d3       0x1e /Applications/STM32CubeIDE.app/Contents/Eclipse/plugins/com.st.stm32cube.ide.mcu.externaltools.gnu-tools-for-stm32.11.3.rel1.macos64_1.1.0.202305231506/tools/bin/../lib/gcc/arm-none-eabi/11.3.1/thumb/v7e-m+fp/hard/libgcc.a(_arm_fixdfsi.o)
 .ARM.attributes
                0x00000000000007f1       0x1e /Applications/STM32CubeIDE.app/Contents/Eclipse/plugins/com.st.stm32cube.ide.mcu.externaltools.gnu-tools-for-stm32.11.3.rel1.macos64_1.1.0.202305231506/tools/bin/../lib/gcc/arm-none-eabi/11.3.1/thumb/v7e-m+fp/hard/libgcc.a(_arm_truncdfsf2.o)
 .ARM.attributes
                0x000000000000080f       0x1e /Applications/STM32CubeIDE.app/Contents/Eclipse/plugins/com.st.stm32cube.ide.mcu.externaltools.gnu-tools-for-stm32.11.3.rel1.macos64_1.1.0.202305231506/tools/bin/../lib/gcc/arm-none-eabi/11.3.1/thumb/v7e-m+fp/hard/crtn.o
OUTPUT(Van_Aaron_RTOS_ProjectLabyrinth.elf elf32-littlearm)
LOAD linker stubs
LOAD /Applications/STM32CubeIDE.app/Contents/Eclipse/plugins/com.st.stm32cube.ide.mcu.externaltools.gnu-tools-for-stm32.11.3.rel1.macos64_1.1.0.202305231506/tools/bin/../lib/gcc/arm-none-eabi/11.3.1/../../../../arm-none-eabi/lib/thumb/v7e-m+fp/hard/libc.a
LOAD /Applications/STM32CubeIDE.app/Contents/Eclipse/plugins/com.st.stm32cube.ide.mcu.externaltools.gnu-tools-for-stm32.11.3.rel1.macos64_1.1.0.202305231506/tools/bin/../lib/gcc/arm-none-eabi/11.3.1/../../../../arm-none-eabi/lib/thumb/v7e-m+fp/hard/libm.a
LOAD /Applications/STM32CubeIDE.app/Contents/Eclipse/plugins/com.st.stm32cube.ide.mcu.externaltools.gnu-tools-for-stm32.11.3.rel1.macos64_1.1.0.202305231506/tools/bin/../lib/gcc/arm-none-eabi/11.3.1/thumb/v7e-m+fp/hard/libgcc.a

.comment        0x0000000000000000       0x43
 .comment       0x0000000000000000       0x43 /Applications/STM32CubeIDE.app/Contents/Eclipse/plugins/com.st.stm32cube.ide.mcu.externaltools.gnu-tools-for-stm32.11.3.rel1.macos64_1.1.0.202305231506/tools/bin/../lib/gcc/arm-none-eabi/11.3.1/thumb/v7e-m+fp/hard/crtbegin.o
                                         0x44 (size before relaxing)
 .comment       0x0000000000000043       0x44 ./Core/Src/ApplicationCode.o
 .comment       0x0000000000000043       0x44 ./Core/Src/Gyro_Driver.o
 .comment       0x0000000000000043       0x44 ./Core/Src/LCD_Driver.o
 .comment       0x0000000000000043       0x44 ./Core/Src/fonts.o
 .comment       0x0000000000000043       0x44 ./Core/Src/main.o
 .comment       0x0000000000000043       0x44 ./Core/Src/stm32f4xx_hal_msp.o
 .comment       0x0000000000000043       0x44 ./Core/Src/stm32f4xx_it.o
 .comment       0x0000000000000043       0x44 ./Core/Src/system_stm32f4xx.o
 .comment       0x0000000000000043       0x44 ./Drivers/STM32F4xx_HAL_Driver/Src/stm32f4xx_hal.o
 .comment       0x0000000000000043       0x44 ./Drivers/STM32F4xx_HAL_Driver/Src/stm32f4xx_hal_cortex.o
 .comment       0x0000000000000043       0x44 ./Drivers/STM32F4xx_HAL_Driver/Src/stm32f4xx_hal_dma2d.o
 .comment       0x0000000000000043       0x44 ./Drivers/STM32F4xx_HAL_Driver/Src/stm32f4xx_hal_gpio.o
 .comment       0x0000000000000043       0x44 ./Drivers/STM32F4xx_HAL_Driver/Src/stm32f4xx_hal_ltdc.o
 .comment       0x0000000000000043       0x44 ./Drivers/STM32F4xx_HAL_Driver/Src/stm32f4xx_hal_rcc_ex.o
 .comment       0x0000000000000043       0x44 ./Drivers/STM32F4xx_HAL_Driver/Src/stm32f4xx_hal_rng.o
 .comment       0x0000000000000043       0x44 ./Drivers/STM32F4xx_HAL_Driver/Src/stm32f4xx_hal_sdram.o
 .comment       0x0000000000000043       0x44 ./Drivers/STM32F4xx_HAL_Driver/Src/stm32f4xx_hal_spi.o
 .comment       0x0000000000000043       0x44 ./Drivers/STM32F4xx_HAL_Driver/Src/stm32f4xx_ll_fmc.o
 .comment       0x0000000000000043       0x44 ./Middlewares/Third_Party/FreeRTOS/Source/CMSIS_RTOS_V2/cmsis_os2.o
 .comment       0x0000000000000043       0x44 ./Middlewares/Third_Party/FreeRTOS/Source/event_groups.o
 .comment       0x0000000000000043       0x44 ./Middlewares/Third_Party/FreeRTOS/Source/list.o
 .comment       0x0000000000000043       0x44 ./Middlewares/Third_Party/FreeRTOS/Source/queue.o
 .comment       0x0000000000000043       0x44 ./Middlewares/Third_Party/FreeRTOS/Source/tasks.o
 .comment       0x0000000000000043       0x44 ./Middlewares/Third_Party/FreeRTOS/Source/timers.o
 .comment       0x0000000000000043       0x44 ./Middlewares/Third_Party/FreeRTOS/Source/portable/GCC/ARM_CM4F/port.o
 .comment       0x0000000000000043       0x44 ./Middlewares/Third_Party/FreeRTOS/Source/portable/MemMang/heap_4.o

.debug_info     0x0000000000000000    0x18fdb
 .debug_info    0x0000000000000000     0x1046 ./Core/Src/ApplicationCode.o
 .debug_info    0x0000000000001046      0xa21 ./Core/Src/Gyro_Driver.o
 .debug_info    0x0000000000001a67     0x186d ./Core/Src/LCD_Driver.o
 .debug_info    0x00000000000032d4      0x145 ./Core/Src/fonts.o
 .debug_info    0x0000000000003419     0x1d50 ./Core/Src/main.o
 .debug_info    0x0000000000005169     0x1913 ./Core/Src/stm32f4xx_hal_msp.o
 .debug_info    0x0000000000006a7c      0x152 ./Core/Src/stm32f4xx_it.o
 .debug_info    0x0000000000006bce      0x52e ./Core/Src/system_stm32f4xx.o
 .debug_info    0x00000000000070fc       0x23 ./Core/Startup/startup_stm32f429zitx.o
 .debug_info    0x000000000000711f      0x9be ./Drivers/STM32F4xx_HAL_Driver/Src/stm32f4xx_hal.o
 .debug_info    0x0000000000007add      0xd7c ./Drivers/STM32F4xx_HAL_Driver/Src/stm32f4xx_hal_cortex.o
 .debug_info    0x0000000000008859      0xe6e ./Drivers/STM32F4xx_HAL_Driver/Src/stm32f4xx_hal_dma2d.o
 .debug_info    0x00000000000096c7      0x6db ./Drivers/STM32F4xx_HAL_Driver/Src/stm32f4xx_hal_gpio.o
 .debug_info    0x0000000000009da2     0x1022 ./Drivers/STM32F4xx_HAL_Driver/Src/stm32f4xx_hal_ltdc.o
 .debug_info    0x000000000000adc4      0x651 ./Drivers/STM32F4xx_HAL_Driver/Src/stm32f4xx_hal_rcc_ex.o
 .debug_info    0x000000000000b415      0x47a ./Drivers/STM32F4xx_HAL_Driver/Src/stm32f4xx_hal_rng.o
 .debug_info    0x000000000000b88f      0xeaa ./Drivers/STM32F4xx_HAL_Driver/Src/stm32f4xx_hal_sdram.o
 .debug_info    0x000000000000c739     0x15fb ./Drivers/STM32F4xx_HAL_Driver/Src/stm32f4xx_hal_spi.o
 .debug_info    0x000000000000dd34      0xdfe ./Drivers/STM32F4xx_HAL_Driver/Src/stm32f4xx_ll_fmc.o
 .debug_info    0x000000000000eb32     0x3a89 ./Middlewares/Third_Party/FreeRTOS/Source/CMSIS_RTOS_V2/cmsis_os2.o
 .debug_info    0x00000000000125bb      0xbd1 ./Middlewares/Third_Party/FreeRTOS/Source/event_groups.o