../Core/Src/LCD_Driver.c:31:6:LCD_GPIO_Init	56	static
../Core/Src/LCD_Driver.c:115:6:LTCD__Init	8	static
../Core/Src/LCD_Driver.c:166:6:LTCD_Layer_Init	72	static
../Core/Src/LCD_Driver.c:195:6:LCD_Draw_Pixel	16	static
../Core/Src/LCD_Driver.c:202:6:LCD_DrawChar	24	static
../Core/Src/LCD_Driver.c:222:6:LCD_DisplayChar	16	static
../Core/Src/LCD_Driver.c:228:6:LCD_DisplayString	24	static
../Core/Src/LCD_Driver.c:239:6:LCD_DisplayNumber	64	dynamic
../Core/Src/LCD_Driver.c:273:6:LCD_SetTextColor	16	static
../Core/Src/LCD_Driver.c:278:6:LCD_SetFont	16	static
../Core/Src/LCD_Driver.c:284:6:LCD_Draw_Circle_Fill	32	static
../Core/Src/LCD_Driver.c:299:6:LCD_Draw_Vertical_Line	32	static
../Core/Src/LCD_Driver.c:307:6:LCD_Draw_Horizontal_Line	32	static
../Core/Src/LCD_Driver.c:313:6:LCD_Clear	24	static
../Core/Src/LCD_Driver.c:322:6:LCD_Error_Handler	4	static
../Core/Src/LCD_Driver.c:328:6:QuickDemo	16	static
../Core/Src/LCD_Driver.c:401:6:ili9341_Init	8	static
../Core/Src/LCD_Driver.c:532:6:ili9341_DisplayOn	8	static
../Core/Src/LCD_Driver.c:543:6:ili9341_DisplayOff	8	static
../Core/Src/LCD_Driver.c:554:6:ili9341_Write_Reg	16	static
../Core/Src/LCD_Driver.c:564:6:ili9341_Send_Data	16	static
../Core/Src/LCD_Driver.c:575:10:ili9341_ReadData	16	static
../Core/Src/LCD_Driver.c:587:13:SPI_Init	8	static
../Core/Src/LCD_Driver.c:625:17:SPI_Read	24	static
../Core/Src/LCD_Driver.c:646:13:SPI_Write	24	static
../Core/Src/LCD_Driver.c:664:13:SPI_Error	8	static
../Core/Src/LCD_Driver.c:677:13:SPI_MspInit	48	static
../Core/Src/LCD_Driver.c:701:6:LCD_IO_Init	40	static
../Core/Src/LCD_Driver.c:745:6:LCD_IO_WriteData	16	static
../Core/Src/LCD_Driver.c:761:6:LCD_IO_WriteReg	16	static
../Core/Src/LCD_Driver.c:780:10:LCD_IO_ReadData	24	static
../Core/Src/LCD_Driver.c:807:6:LCD_Delay	16	static
