../Core/Src/main.c:88:5:main	8	static
../Core/Src/main.c:172:6:SystemClock_Config	88	static
../Core/Src/main.c:219:13:MX_DMA2D_Init	8	static
../Core/Src/main.c:256:13:MX_LTDC_Init	112	static
../Core/Src/main.c:338:13:MX_RNG_Init	8	static
../Core/Src/main.c:364:13:MX_SPI5_Init	8	static
../Core/Src/main.c:398:13:MX_FMC_Init	40	static
../Core/Src/main.c:449:13:MX_GPIO_Init	64	static
../Core/Src/main.c:592:6:StartDefaultTask	16	static
../Core/Src/main.c:607:6:Error_Handler	4	static,ignoring_inline_asm
