../Core/Src/stm32f4xx_hal_msp.c:64:6:HAL_MspInit	16	static
../Core/Src/stm32f4xx_hal_msp.c:88:6:HAL_DMA2D_MspInit	24	static
../Core/Src/stm32f4xx_hal_msp.c:110:6:HAL_DMA2D_MspDeInit	16	static
../Core/Src/stm32f4xx_hal_msp.c:132:6:HAL_LTDC_MspInit	112	static
../Core/Src/stm32f4xx_hal_msp.c:256:6:HAL_LTDC_MspDeInit	16	static
../Core/Src/stm32f4xx_hal_msp.c:318:6:HAL_RNG_MspInit	24	static
../Core/Src/stm32f4xx_hal_msp.c:340:6:HAL_RNG_MspDeInit	16	static
../Core/Src/stm32f4xx_hal_msp.c:362:6:HAL_SPI_MspInit	48	static
../Core/Src/stm32f4xx_hal_msp.c:399:6:HAL_SPI_MspDeInit	16	static
../Core/Src/stm32f4xx_hal_msp.c:425:13:HAL_FMC_MspInit	32	static
../Core/Src/stm32f4xx_hal_msp.c:531:6:HAL_SDRAM_MspInit	16	static
../Core/Src/stm32f4xx_hal_msp.c:543:13:HAL_FMC_MspDeInit	8	static
../Core/Src/stm32f4xx_hal_msp.c:617:6:HAL_SDRAM_MspDeInit	16	static
